Archive member included to satisfy reference by file (symbol)

s:/mcuxpressoide_11.6.0_8187/ide/plugins/com.nxp.mcuxpresso.tools.win32_11.6.0.202112161359/tools/bin/../lib/gcc/arm-none-eabi/10.3.1/../../../../arm-none-eabi/lib/thumb/v6-m/nofp\libcr_semihost_nf.a(_cr__main.o)
                              ./startup/startup_mkl25z4.o (__main)
s:/mcuxpressoide_11.6.0_8187/ide/plugins/com.nxp.mcuxpresso.tools.win32_11.6.0.202112161359/tools/bin/../lib/gcc/arm-none-eabi/10.3.1/../../../../arm-none-eabi/lib/thumb/v6-m/nofp\libcr_semihost_nf.a(_cr_assert.o)
                              ./drivers/fsl_clock.o (__assertion_failed)
s:/mcuxpressoide_11.6.0_8187/ide/plugins/com.nxp.mcuxpresso.tools.win32_11.6.0.202112161359/tools/bin/../lib/gcc/arm-none-eabi/10.3.1/../../../../arm-none-eabi/lib/thumb/v6-m/nofp\libcr_semihost_nf.a(__ciob.o)
                              s:/mcuxpressoide_11.6.0_8187/ide/plugins/com.nxp.mcuxpresso.tools.win32_11.6.0.202112161359/tools/bin/../lib/gcc/arm-none-eabi/10.3.1/../../../../arm-none-eabi/lib/thumb/v6-m/nofp\libcr_semihost_nf.a(_cr_assert.o) (__Ciob)
s:/mcuxpressoide_11.6.0_8187/ide/plugins/com.nxp.mcuxpresso.tools.win32_11.6.0.202112161359/tools/bin/../lib/gcc/arm-none-eabi/10.3.1/../../../../arm-none-eabi/lib/thumb/v6-m/nofp\libcr_semihost_nf.a(__sys_appexit.o)
                              s:/mcuxpressoide_11.6.0_8187/ide/plugins/com.nxp.mcuxpresso.tools.win32_11.6.0.202112161359/tools/bin/../lib/gcc/arm-none-eabi/10.3.1/../../../../arm-none-eabi/lib/thumb/v6-m/nofp\libcr_semihost_nf.a(_cr_assert.o) (__sys_appexit)
s:/mcuxpressoide_11.6.0_8187/ide/plugins/com.nxp.mcuxpresso.tools.win32_11.6.0.202112161359/tools/bin/../lib/gcc/arm-none-eabi/10.3.1/../../../../arm-none-eabi/lib/thumb/v6-m/nofp\libcr_c.a(memcpy.o)
                              ./drivers/fsl_flash.o (memcpy)
s:/mcuxpressoide_11.6.0_8187/ide/plugins/com.nxp.mcuxpresso.tools.win32_11.6.0.202112161359/tools/bin/../lib/gcc/arm-none-eabi/10.3.1/../../../../arm-none-eabi/lib/thumb/v6-m/nofp\libcr_c.a(memset.o)
                              ./drivers/fsl_flash.o (memset)
s:/mcuxpressoide_11.6.0_8187/ide/plugins/com.nxp.mcuxpresso.tools.win32_11.6.0.202112161359/tools/bin/../lib/gcc/arm-none-eabi/10.3.1/../../../../arm-none-eabi/lib/thumb/v6-m/nofp\libcr_c.a(_deferredlazyseek.o)
                              s:/mcuxpressoide_11.6.0_8187/ide/plugins/com.nxp.mcuxpresso.tools.win32_11.6.0.202112161359/tools/bin/../lib/gcc/arm-none-eabi/10.3.1/../../../../arm-none-eabi/lib/thumb/v6-m/nofp\libcr_semihost_nf.a(_cr_assert.o) (__flsbuf)
s:/mcuxpressoide_11.6.0_8187/ide/plugins/com.nxp.mcuxpresso.tools.win32_11.6.0.202112161359/tools/bin/../lib/gcc/arm-none-eabi/10.3.1/../../../../arm-none-eabi/lib/thumb/v6-m/nofp\libcr_c.a(_fflush.o)
                              s:/mcuxpressoide_11.6.0_8187/ide/plugins/com.nxp.mcuxpresso.tools.win32_11.6.0.202112161359/tools/bin/../lib/gcc/arm-none-eabi/10.3.1/../../../../arm-none-eabi/lib/thumb/v6-m/nofp\libcr_c.a(_deferredlazyseek.o) (_fflush)
s:/mcuxpressoide_11.6.0_8187/ide/plugins/com.nxp.mcuxpresso.tools.win32_11.6.0.202112161359/tools/bin/../lib/gcc/arm-none-eabi/10.3.1/../../../../arm-none-eabi/lib/thumb/v6-m/nofp\libcr_c.a(_writebuf.o)
                              s:/mcuxpressoide_11.6.0_8187/ide/plugins/com.nxp.mcuxpresso.tools.win32_11.6.0.202112161359/tools/bin/../lib/gcc/arm-none-eabi/10.3.1/../../../../arm-none-eabi/lib/thumb/v6-m/nofp\libcr_c.a(_deferredlazyseek.o) (_Cwritebuf)
s:/mcuxpressoide_11.6.0_8187/ide/plugins/com.nxp.mcuxpresso.tools.win32_11.6.0.202112161359/tools/bin/../lib/gcc/arm-none-eabi/10.3.1/../../../../arm-none-eabi/lib/thumb/v6-m/nofp\libcr_c.a(alloc.o)
                              s:/mcuxpressoide_11.6.0_8187/ide/plugins/com.nxp.mcuxpresso.tools.win32_11.6.0.202112161359/tools/bin/../lib/gcc/arm-none-eabi/10.3.1/../../../../arm-none-eabi/lib/thumb/v6-m/nofp\libcr_c.a(_deferredlazyseek.o) (_Csys_alloc)
s:/mcuxpressoide_11.6.0_8187/ide/plugins/com.nxp.mcuxpresso.tools.win32_11.6.0.202112161359/tools/bin/../lib/gcc/arm-none-eabi/10.3.1/../../../../arm-none-eabi/lib/thumb/v6-m/nofp\libcr_c.a(atan2.o)
                              ./source/mma8451.o (atan2)
s:/mcuxpressoide_11.6.0_8187/ide/plugins/com.nxp.mcuxpresso.tools.win32_11.6.0.202112161359/tools/bin/../lib/gcc/arm-none-eabi/10.3.1/../../../../arm-none-eabi/lib/thumb/v6-m/nofp\libcr_c.a(errno.o)
                              s:/mcuxpressoide_11.6.0_8187/ide/plugins/com.nxp.mcuxpresso.tools.win32_11.6.0.202112161359/tools/bin/../lib/gcc/arm-none-eabi/10.3.1/../../../../arm-none-eabi/lib/thumb/v6-m/nofp\libcr_c.a(atan2.o) (errno)
s:/mcuxpressoide_11.6.0_8187/ide/plugins/com.nxp.mcuxpresso.tools.win32_11.6.0.202112161359/tools/bin/../lib/gcc/arm-none-eabi/10.3.1/../../../../arm-none-eabi/lib/thumb/v6-m/nofp\libcr_c.a(fabs.o)
[...]
Memory Configuration

Name             Origin             Length             Attributes
PROGRAM_FLASH    0x00000000         0x00020000         xr
SRAM             0x1ffff000         0x00004000         xrw
*default*        0x00000000         0xffffffff

Linker script and memory map

LOAD ./utilities/fsl_debug_console.o
LOAD ./startup/startup_mkl25z4.o
LOAD ./source/DAC.o
LOAD ./source/DMA.o
LOAD ./source/Final_Project.o
LOAD ./source/LEDs.o
LOAD ./source/i2c.o
LOAD ./source/mma8451.o
LOAD ./source/mtb.o
LOAD ./source/semihost_hardfault.o
LOAD ./source/systick.o
LOAD ./source/timers.o
LOAD ./drivers/fsl_clock.o
LOAD ./drivers/fsl_common.o
LOAD ./drivers/fsl_flash.o
LOAD ./drivers/fsl_gpio.o
LOAD ./drivers/fsl_lpsci.o
LOAD ./drivers/fsl_smc.o
LOAD ./drivers/fsl_uart.o
LOAD ./board/board.o
LOAD ./board/clock_config.o
LOAD ./board/peripherals.o
LOAD ./board/pin_mux.o
LOAD ./CMSIS/system_MKL25Z4.o
LOAD S:/MCUXpressoIDE_11.6.0_8187/Final_Project/Debug/source/fp_trig.o
START GROUP
LOAD s:/mcuxpressoide_11.6.0_8187/ide/plugins/com.nxp.mcuxpresso.tools.win32_11.6.0.202112161359/tools/bin/../lib/gcc/arm-none-eabi/10.3.1/../../../../arm-none-eabi/lib/thumb/v6-m/nofp\libcr_semihost_nf.a
LOAD s:/mcuxpressoide_11.6.0_8187/ide/plugins/com.nxp.mcuxpresso.tools.win32_11.6.0.202112161359/tools/bin/../lib/gcc/arm-none-eabi/10.3.1/../../../../arm-none-eabi/lib/thumb/v6-m/nofp\libcr_c.a
LOAD s:/mcuxpressoide_11.6.0_8187/ide/plugins/com.nxp.mcuxpresso.tools.win32_11.6.0.202112161359/tools/bin/../lib/gcc/arm-none-eabi/10.3.1/thumb/v6-m/nofp\libcr_eabihelpers.a
LOAD s:/mcuxpressoide_11.6.0_8187/ide/plugins/com.nxp.mcuxpresso.tools.win32_11.6.0.202112161359/tools/bin/../lib/gcc/arm-none-eabi/10.3.1/thumb/v6-m/nofp\libgcc.a
END GROUP
                0x00000000                __base_PROGRAM_FLASH = 0x0
                0x00000000                __base_Flash = 0x0
                0x00020000                __top_PROGRAM_FLASH = 0x20000
                0x00020000                __top_Flash = 0x20000
                0x1ffff000                __base_SRAM = 0x1ffff000
                0x1ffff000                __base_RAM = 0x1ffff000
                0x20003000                __top_SRAM = 0x20003000
                0x20003000                __top_RAM = 0x20003000

.text           0x00000000     0x4494
 FILL mask 0xff
                0x00000000                __vectors_start__ = ABSOLUTE (.)
 *(SORT_BY_ALIGNMENT(.isr_vector))
 .isr_vector    0x00000000       0xc0 ./startup/startup_mkl25z4.o
                0x00000000                g_pfnVectors
                0x00000000                __Vectors
                0x000000c0                . = ALIGN (0x4)
                0x000000c0                __section_table_start = .
                0x000000c0                __data_section_table = .
                0x000000c0        0x4 LONG 0x4494 LOADADDR (.data)
                0x000000c4        0x4 LONG 0x1ffff080 ADDR (.data)
                0x000000c8        0x4 LONG 0x148 SIZEOF (.data)
                0x000000cc                __data_section_table_end = .
                0x000000cc                __bss_section_table = .
                0x000000cc        0x4 LONG 0x1ffff1c8 ADDR (.bss)
                0x000000d0        0x4 LONG 0x1d88 SIZEOF (.bss)
                0x000000d4                __bss_section_table_end = .
                0x000000d4                __section_table_end = .
 *(SORT_BY_ALIGNMENT(.after_vectors*))
 .after_vectors.reset
                0x000000d4       0x4c ./startup/startup_mkl25z4.o
                0x000000d4                ResetISR
 .after_vectors.init_data
                0x00000120       0x12 ./startup/startup_mkl25z4.o
                0x00000120                data_init
 .after_vectors.init_bss
                0x00000132       0x10 ./startup/startup_mkl25z4.o
                0x00000132                bss_init
 .after_vectors
                0x00000142      0x10c ./startup/startup_mkl25z4.o
                0x00000142                NMI_Handler
                0x00000146                SVC_Handler
                0x00000148                PendSV_Handler
                0x0000014c                SPI1_DriverIRQHandler
                0x0000014c                LPTMR0_DriverIRQHandler
                0x0000014c                DMA0_DriverIRQHandler
                0x0000014c                I2C0_DriverIRQHandler
                0x0000014c                Reserved39_DriverIRQHandler
                0x0000014c                PORTD_DriverIRQHandler
                0x0000014c                DMA2_DriverIRQHandler
                0x0000014c                CMP0_DriverIRQHandler
                0x0000014c                TPM2_DriverIRQHandler
                0x0000014c                ADC0_DriverIRQHandler
                0x0000014c                SPI0_DriverIRQHandler
                0x0000014c                TSI0_DriverIRQHandler
                0x0000014c                RTC_Seconds_DriverIRQHandler
                0x0000014c                I2C1_DriverIRQHandler
                0x0000014c                DMA1_DriverIRQHandler
                0x0000014c                LLWU_DriverIRQHandler
                0x0000014c                MCG_DriverIRQHandler
                0x0000014c                PIT_DriverIRQHandler
                0x0000014c                RTC_DriverIRQHandler
                0x0000014c                TPM1_DriverIRQHandler
                0x0000014c                FTFA_DriverIRQHandler
                0x0000014c                IntDefaultHandler
                0x0000014c                USB0_DriverIRQHandler
                0x0000014c                DAC0_DriverIRQHandler
                0x0000014c                PORTA_DriverIRQHandler
                0x0000014c                LVD_LVW_DriverIRQHandler
                0x0000014c                TPM0_DriverIRQHandler
                0x0000014c                Reserved45_DriverIRQHandler
                0x0000014c                DMA3_DriverIRQHandler
                0x0000014c                Reserved20_DriverIRQHandler
                0x00000156                DMA1_IRQHandler
                0x0000015e                DMA2_IRQHandler
                0x00000166                DMA3_IRQHandler
                0x0000016e                Reserved20_IRQHandler
                0x00000176                FTFA_IRQHandler
                0x0000017e                LVD_LVW_IRQHandler
                0x00000186                LLWU_IRQHandler
                0x0000018e                I2C0_IRQHandler
                0x00000196                I2C1_IRQHandler
                0x0000019e                SPI0_IRQHandler
                0x000001a6                SPI1_IRQHandler
                0x000001ae                UART0_IRQHandler
                0x000001b6                UART1_IRQHandler
                0x000001be                UART2_IRQHandler
                0x000001c6                ADC0_IRQHandler
                0x000001ce                CMP0_IRQHandler
                0x000001d6                TPM0_IRQHandler
                0x000001de                TPM1_IRQHandler
                0x000001e6                TPM2_IRQHandler
                0x000001ee                RTC_IRQHandler
                0x000001f6                RTC_Seconds_IRQHandler
                0x000001fe                PIT_IRQHandler
                0x00000206                Reserved39_IRQHandler
                0x0000020e                USB0_IRQHandler
                0x00000216                DAC0_IRQHandler
                0x0000021e                TSI0_IRQHandler
                0x00000226                MCG_IRQHandler
                0x0000022e                LPTMR0_IRQHandler
                0x00000236                Reserved45_IRQHandler
                0x0000023e                PORTA_IRQHandler
                0x00000246                PORTD_IRQHandler
                0x00000400                . = 0x400
 *fill*         0x0000024e      0x1b2 ff
                0x00000400                PROVIDE (__FLASH_CONFIG_START__ = .)
 *(SORT_BY_ALIGNMENT(.FlashConfig))
 .FlashConfig   0x00000400       0x10 ./startup/startup_mkl25z4.o
                0x00000400                Flash_Config
                0x00000410                PROVIDE (__FLASH_CONFIG_END__ = .)
                0x00000001                ASSERT (! ((__FLASH_CONFIG_START__ == __FLASH_CONFIG_END__)), Linker Flash Config Support Enabled, but no .FlashConfig section provided within application)
 *(SORT_BY_ALIGNMENT(.text*))
 .text.DbgConsole_Init
                0x00000410       0xf4 ./utilities/fsl_debug_console.o
                0x00000410                DbgConsole_Init
 .text.Init_DAC
                0x00000504       0x74 ./source/DAC.o
                0x00000504                Init_DAC
 .text.NVIC_EnableIRQ
                0x00000578       0x2c ./source/DMA.o
 .text.NVIC_ClearPendingIRQ
                0x000005a4       0x30 ./source/DMA.o
 .text.NVIC_SetPriority
                0x000005d4       0xdc ./source/DMA.o
 .text.Init_DMA_For_Playback
                0x000006b0       0xd0 ./source/DMA.o
                0x000006b0                Init_DMA_For_Playback
 .text.Start_DMA_Playback
                0x00000780       0x70 ./source/DMA.o
                0x00000780                Start_DMA_Playback
 .text.DMA0_IRQHandler
                0x000007f0       0x28 ./source/DMA.o
                0x000007f0                DMA0_IRQHandler
 .text.Init_Tones
                0x00000818       0x98 ./source/DMA.o
                0x00000818                Init_Tones
 .text.Init_Tones_Less_Sound
                0x000008b0       0xbc ./source/DMA.o
                0x000008b0                Init_Tones_Less_Sound
 .text.main     0x0000096c       0xfc ./source/Final_Project.o
                0x0000096c                main
 .text.Init_RGB_LEDs
                0x00000a68       0x88 ./source/LEDs.o
                0x00000a68                Init_RGB_LEDs
 .text.I2C_init
                0x00000af0       0x84 ./source/i2c.o
                0x00000af0                I2C_init
 .text.i2c_busy
                0x00000b74      0x174 ./source/i2c.o
                0x00000b74                i2c_busy
 .text.i2c_wait
                0x00000ce8       0x6c ./source/i2c.o
                0x00000ce8                i2c_wait
 .text.i2c_start
                0x00000d54       0x30 ./source/i2c.o
                0x00000d54                i2c_start
 .text.i2c_read_setup
                0x00000d84       0x68 ./source/i2c.o
                0x00000d84                i2c_read_setup
 .text.i2c_repeated_read
                0x00000dec       0x80 ./source/i2c.o
                0x00000dec                i2c_repeated_read
 .text.i2c_write_byte
                0x00000e6c       0x80 ./source/i2c.o
                0x00000e6c                i2c_write_byte
 .text.read_full_xyz
                0x00000eec       0xd8 ./source/mma8451.o
                0x00000eec                read_full_xyz
 .text.convert_xyz_to_roll_pitch
                0x00000fc4      0x158 ./source/mma8451.o
                0x00000fc4                convert_xyz_to_roll_pitch
 .text.HardFault_Handler
                0x0000111c       0x30 ./source/semihost_hardfault.o
                0x0000111c                HardFault_Handler
 .text.NVIC_SetPriority
                0x0000114c       0xdc ./source/systick.o
 .text.SysTick_Config
                0x00001228       0x48 ./source/systick.o
 .text.SysTick_Handler
                0x00001270       0x58 ./source/systick.o
                0x00001270                SysTick_Handler
 .text.SetIndex
                0x000012c8       0x14 ./source/systick.o
                0x000012c8                SetIndex
 .text.getCurrentFreq
                0x000012dc       0x14 ./source/systick.o
                0x000012dc                getCurrentFreq
 .text.Init_SysTick
                0x000012f0       0x2c ./source/systick.o
                0x000012f0                Init_SysTick
 .text.Init_TPM
                0x0000131c       0x58 ./source/timers.o
                0x0000131c                Init_TPM
 .text.Start_TPM
                0x00001374       0x1c ./source/timers.o
                0x00001374                Start_TPM
 .text.CLOCK_SetEr32kClock
                0x00001390       0x34 ./drivers/fsl_clock.o
 .text.CLOCK_SetPllFllSelClock
                0x000013c4       0x38 ./drivers/fsl_clock.o
 .text.CLOCK_GetMcgExtClkFreq
                0x000013fc       0x28 ./drivers/fsl_clock.o
 .text.CLOCK_GetFllExtRefClkFreq
                0x00001424       0xa8 ./drivers/fsl_clock.o
 .text.CLOCK_GetFllRefClkFreq
                0x000014cc       0x2c ./drivers/fsl_clock.o
 .text.CLOCK_GetOscRangeFromFreq
                0x000014f8       0x4c ./drivers/fsl_clock.o
 .text.CLOCK_GetPllFllSelClkFreq
                0x00001544       0x4c ./drivers/fsl_clock.o
                0x00001544                CLOCK_GetPllFllSelClkFreq
 .text.CLOCK_SetSimConfig
                0x00001590       0x38 ./drivers/fsl_clock.o
                0x00001590                CLOCK_SetSimConfig
 .text.CLOCK_GetFllFreq
                0x000015c8       0x84 ./drivers/fsl_clock.o
                0x000015c8                CLOCK_GetFllFreq
 .text.CLOCK_GetPll0Freq
                0x0000164c       0x70 ./drivers/fsl_clock.o
                0x0000164c                CLOCK_GetPll0Freq
 .text.CLOCK_SetInternalRefClkConfig
                0x000016bc      0x124 ./drivers/fsl_clock.o
                0x000016bc                CLOCK_SetInternalRefClkConfig
 .text.CLOCK_EnablePll0
                0x000017e0       0x94 ./drivers/fsl_clock.o
                0x000017e0                CLOCK_EnablePll0
 .text.CLOCK_InitOsc0
                0x00001874       0x94 ./drivers/fsl_clock.o
                0x00001874                CLOCK_InitOsc0
 .text.CLOCK_SetPbeMode
                0x00001908       0xb0 ./drivers/fsl_clock.o
                0x00001908                CLOCK_SetPbeMode
 .text.CLOCK_BootToPeeMode
                0x000019b8       0x70 ./drivers/fsl_clock.o
                0x000019b8                CLOCK_BootToPeeMode
 .text.CLOCK_EnableClock
                0x00001a28       0x34 ./drivers/fsl_lpsci.o
 .text.LPSCI_GetInstance
                0x00001a5c       0x48 ./drivers/fsl_lpsci.o
                0x00001a5c                LPSCI_GetInstance
 .text.LPSCI_Init
                0x00001aa4      0x258 ./drivers/fsl_lpsci.o
                0x00001aa4                LPSCI_Init
 .text.LPSCI_GetDefaultConfig
                0x00001cfc       0x44 ./drivers/fsl_lpsci.o
                0x00001cfc                LPSCI_GetDefaultConfig
 .text.LPSCI_ClearStatusFlags
                0x00001d40       0x94 ./drivers/fsl_lpsci.o
                0x00001d40                LPSCI_ClearStatusFlags
 .text.LPSCI_WriteBlocking
                0x00001dd4       0x4c ./drivers/fsl_lpsci.o
                0x00001dd4                LPSCI_WriteBlocking
 .text.LPSCI_ReadBlocking
                0x00001e20       0xc0 ./drivers/fsl_lpsci.o
                0x00001e20                LPSCI_ReadBlocking
 .text.UART0_DriverIRQHandler
                0x00001ee0       0x24 ./drivers/fsl_lpsci.o
                0x00001ee0                UART0_DriverIRQHandler
 .text.CLOCK_EnableClock
                0x00001f04       0x34 ./drivers/fsl_uart.o
 .text.UART_GetInstance
                0x00001f38       0x54 ./drivers/fsl_uart.o
                0x00001f38                UART_GetInstance
 .text.UART_Init
                0x00001f8c      0x1e0 ./drivers/fsl_uart.o
                0x00001f8c                UART_Init
 .text.UART_GetDefaultConfig
                0x0000216c       0x44 ./drivers/fsl_uart.o
                0x0000216c                UART_GetDefaultConfig
 .text.UART_ReadBlocking
                0x000021b0       0x98 ./drivers/fsl_uart.o
                0x000021b0                UART_ReadBlocking
 .text.UART1_DriverIRQHandler
                0x00002248       0x24 ./drivers/fsl_uart.o
                0x00002248                UART1_DriverIRQHandler
 .text.UART2_DriverIRQHandler
                0x0000226c       0x24 ./drivers/fsl_uart.o
                0x0000226c                UART2_DriverIRQHandler
 .text.CLOCK_SetLpsci0Clock
                0x00002290       0x38 ./board/board.o
 .text.BOARD_InitDebugConsole
                0x000022c8       0x30 ./board/board.o
                0x000022c8                BOARD_InitDebugConsole
 .text.CLOCK_SetSimSafeDivs
                0x000022f8       0x20 ./board/clock_config.o
 .text.CLOCK_SetXtal0Freq
                0x00002318       0x1c ./board/clock_config.o
 .text.CLOCK_CONFIG_SetFllExtRefDiv
                0x00002334       0x3c ./board/clock_config.o
 .text.BOARD_BootClockRUN
                0x00002370       0x64 ./board/clock_config.o
                0x00002370                BOARD_BootClockRUN
 .text.CLOCK_EnableClock
                0x000023d4       0x34 ./board/pin_mux.o
 .text.PORT_SetPinMux
                0x00002408       0x40 ./board/pin_mux.o
 .text.BOARD_InitPins
                0x00002448       0x4c ./board/pin_mux.o
                0x00002448                BOARD_InitPins
 .text.SystemInit
                0x00002494       0x18 ./CMSIS/system_MKL25Z4.o
                0x00002494                SystemInit
 .text.fp_sin   0x000024ac      0x118 S:/MCUXpressoIDE_11.6.0_8187/Final_Project/Debug/source/fp_trig.o
                0x000024ac                fp_sin
 .text.__assertion_failed
                0x000025c4       0x4c s:/mcuxpressoide_11.6.0_8187/ide/plugins/com.nxp.mcuxpresso.tools.win32_11.6.0.202112161359/tools/bin/../lib/gcc/arm-none-eabi/10.3.1/../../../../arm-none-eabi/lib/thumb/v6-m/nofp\libcr_semihost_nf.a(_cr_assert.o)
                0x000025c4                __assertion_failed
 .text.__sys_appexit
                0x00002610        0xc s:/mcuxpressoide_11.6.0_8187/ide/plugins/com.nxp.mcuxpresso.tools.win32_11.6.0.202112161359/tools/bin/../lib/gcc/arm-none-eabi/10.3.1/../../../../arm-none-eabi/lib/thumb/v6-m/nofp\libcr_semihost_nf.a(__sys_appexit.o)
                0x00002610                __sys_appexit
                0x00002610                __exit
 .text._deferredlazyseek
                0x0000261c       0x40 s:/mcuxpressoide_11.6.0_8187/ide/plugins/com.nxp.mcuxpresso.tools.win32_11.6.0.202112161359/tools/bin/../lib/gcc/arm-none-eabi/10.3.1/../../../../arm-none-eabi/lib/thumb/v6-m/nofp\libcr_c.a(_deferredlazyseek.o)
                0x0000261c                _deferredlazyseek
 .text.__flsbuf
                0x0000265c      0x150 s:/mcuxpressoide_11.6.0_8187/ide/plugins/com.nxp.mcuxpresso.tools.win32_11.6.0.202112161359/tools/bin/../lib/gcc/arm-none-eabi/10.3.1/../../../../arm-none-eabi/lib/thumb/v6-m/nofp\libcr_c.a(_deferredlazyseek.o)
                0x0000265c                __flsbuf
 .text._fflush  0x000027ac       0x60 s:/mcuxpressoide_11.6.0_8187/ide/plugins/com.nxp.mcuxpresso.tools.win32_11.6.0.202112161359/tools/bin/../lib/gcc/arm-none-eabi/10.3.1/../../../../arm-none-eabi/lib/thumb/v6-m/nofp\libcr_c.a(_fflush.o)
                0x000027ac                _fflush
 .text._Cwritebuf
                0x0000280c       0x68 s:/mcuxpressoide_11.6.0_8187/ide/plugins/com.nxp.mcuxpresso.tools.win32_11.6.0.202112161359/tools/bin/../lib/gcc/arm-none-eabi/10.3.1/../../../../arm-none-eabi/lib/thumb/v6-m/nofp\libcr_c.a(_writebuf.o)
                0x0000280c                _Cwritebuf
 .text.malloc   0x00002874       0xcc s:/mcuxpressoide_11.6.0_8187/ide/plugins/com.nxp.mcuxpresso.tools.win32_11.6.0.202112161359/tools/bin/../lib/gcc/arm-none-eabi/10.3.1/../../../../arm-none-eabi/lib/thumb/v6-m/nofp\libcr_c.a(alloc.o)
                0x00002874                malloc
 .text._Csys_alloc
                0x00002940       0x20 s:/mcuxpressoide_11.6.0_8187/ide/plugins/com.nxp.mcuxpresso.tools.win32_11.6.0.202112161359/tools/bin/../lib/gcc/arm-none-eabi/10.3.1/../../../../arm-none-eabi/lib/thumb/v6-m/nofp\libcr_c.a(alloc.o)
                0x00002940                _Csys_alloc
 .text.atan2    0x00002960      0x108 s:/mcuxpressoide_11.6.0_8187/ide/plugins/com.nxp.mcuxpresso.tools.win32_11.6.0.202112161359/tools/bin/../lib/gcc/arm-none-eabi/10.3.1/../../../../arm-none-eabi/lib/thumb/v6-m/nofp\libcr_c.a(atan2.o)
                0x00002960                atan2
 .text.fseek    0x00002a68       0xf0 s:/mcuxpressoide_11.6.0_8187/ide/plugins/com.nxp.mcuxpresso.tools.win32_11.6.0.202112161359/tools/bin/../lib/gcc/arm-none-eabi/10.3.1/../../../../arm-none-eabi/lib/thumb/v6-m/nofp\libcr_c.a(fseek.o)
                0x00002a68                fseek
 .text.ftell    0x00002b58       0x48 s:/mcuxpressoide_11.6.0_8187/ide/plugins/com.nxp.mcuxpresso.tools.win32_11.6.0.202112161359/tools/bin/../lib/gcc/arm-none-eabi/10.3.1/../../../../arm-none-eabi/lib/thumb/v6-m/nofp\libcr_c.a(ftell.o)
                0x00002b58                ftell
 .text._initio  0x00002ba0       0x7c s:/mcuxpressoide_11.6.0_8187/ide/plugins/com.nxp.mcuxpresso.tools.win32_11.6.0.202112161359/tools/bin/../lib/gcc/arm-none-eabi/10.3.1/../../../../arm-none-eabi/lib/thumb/v6-m/nofp\libcr_c.a(initio.o)
                0x00002ba0                _initio
 .text.setvbuf  0x00002c1c       0x4c s:/mcuxpressoide_11.6.0_8187/ide/plugins/com.nxp.mcuxpresso.tools.win32_11.6.0.202112161359/tools/bin/../lib/gcc/arm-none-eabi/10.3.1/../../../../arm-none-eabi/lib/thumb/v6-m/nofp\libcr_c.a(setvbuf.o)
                0x00002c1c                setvbuf
 .text.sqrt     0x00002c68      0x134 s:/mcuxpressoide_11.6.0_8187/ide/plugins/com.nxp.mcuxpresso.tools.win32_11.6.0.202112161359/tools/bin/../lib/gcc/arm-none-eabi/10.3.1/../../../../arm-none-eabi/lib/thumb/v6-m/nofp\libcr_c.a(sqrt.o)
                0x00002c68                sqrt
 .text._sbrk    0x00002d9c       0x44 s:/mcuxpressoide_11.6.0_8187/ide/plugins/com.nxp.mcuxpresso.tools.win32_11.6.0.202112161359/tools/bin/../lib/gcc/arm-none-eabi/10.3.1/../../../../arm-none-eabi/lib/thumb/v6-m/nofp\libcr_c.a(_cr_sbrk.o)
                0x00002d9c                _sbrk
 .text._fdopen  0x00002de0       0x74 s:/mcuxpressoide_11.6.0_8187/ide/plugins/com.nxp.mcuxpresso.tools.win32_11.6.0.202112161359/tools/bin/../lib/gcc/arm-none-eabi/10.3.1/../../../../arm-none-eabi/lib/thumb/v6-m/nofp\libcr_c.a(_fdopen.o)
                0x00002de0                _fdopen
 .text.atan     0x00002e54      0x204 s:/mcuxpressoide_11.6.0_8187/ide/plugins/com.nxp.mcuxpresso.tools.win32_11.6.0.202112161359/tools/bin/../lib/gcc/arm-none-eabi/10.3.1/../../../../arm-none-eabi/lib/thumb/v6-m/nofp\libcr_c.a(atan.o)
                0x00002e54                atan
 .text.fclose   0x00003058       0x5c s:/mcuxpressoide_11.6.0_8187/ide/plugins/com.nxp.mcuxpresso.tools.win32_11.6.0.202112161359/tools/bin/../lib/gcc/arm-none-eabi/10.3.1/../../../../arm-none-eabi/lib/thumb/v6-m/nofp\libcr_c.a(fclose.o)
                0x00003058                fclose
 .text.fflush   0x000030b4       0x44 s:/mcuxpressoide_11.6.0_8187/ide/plugins/com.nxp.mcuxpresso.tools.win32_11.6.0.202112161359/tools/bin/../lib/gcc/arm-none-eabi/10.3.1/../../../../arm-none-eabi/lib/thumb/v6-m/nofp\libcr_c.a(fflush.o)
                0x000030b4                fflush
 .text.strlen   0x000030f8       0x58 s:/mcuxpressoide_11.6.0_8187/ide/plugins/com.nxp.mcuxpresso.tools.win32_11.6.0.202112161359/tools/bin/../lib/gcc/arm-none-eabi/10.3.1/../../../../arm-none-eabi/lib/thumb/v6-m/nofp\libcr_c.a(strlen.o)
                0x000030f8                strlen
 .text.__check_heap_overflow
                0x00003150       0x18 s:/mcuxpressoide_11.6.0_8187/ide/plugins/com.nxp.mcuxpresso.tools.win32_11.6.0.202112161359/tools/bin/../lib/gcc/arm-none-eabi/10.3.1/../../../../arm-none-eabi/lib/thumb/v6-m/nofp\libcr_c.a(_cr_check_heap.o)
                0x00003150                __check_heap_overflow
 .text._do_fflush
                0x00003168       0x48 s:/mcuxpressoide_11.6.0_8187/ide/plugins/com.nxp.mcuxpresso.tools.win32_11.6.0.202112161359/tools/bin/../lib/gcc/arm-none-eabi/10.3.1/../../../../arm-none-eabi/lib/thumb/v6-m/nofp\libcr_c.a(_do_fflush.o)
                0x00003168                _do_fflush
 .text.__aeabi_dmul
                0x000031b0      0x184 s:/mcuxpressoide_11.6.0_8187/ide/plugins/com.nxp.mcuxpresso.tools.win32_11.6.0.202112161359/tools/bin/../lib/gcc/arm-none-eabi/10.3.1/thumb/v6-m/nofp\libcr_eabihelpers.a(double.o)
                0x000031b0                __aeabi_dmul
 .text.__aeabi_ddiv
                0x00003334      0x14c s:/mcuxpressoide_11.6.0_8187/ide/plugins/com.nxp.mcuxpresso.tools.win32_11.6.0.202112161359/tools/bin/../lib/gcc/arm-none-eabi/10.3.1/thumb/v6-m/nofp\libcr_eabihelpers.a(double.o)
                0x00003334                __aeabi_ddiv
 .text.__aeabi_dsub
                0x00003480      0x1c0 s:/mcuxpressoide_11.6.0_8187/ide/plugins/com.nxp.mcuxpresso.tools.win32_11.6.0.202112161359/tools/bin/../lib/gcc/arm-none-eabi/10.3.1/thumb/v6-m/nofp\libcr_eabihelpers.a(double.o)
                0x00003480                __aeabi_dsub
 .text.__aeabi_dadd
                0x00003640      0x134 s:/mcuxpressoide_11.6.0_8187/ide/plugins/com.nxp.mcuxpresso.tools.win32_11.6.0.202112161359/tools/bin/../lib/gcc/arm-none-eabi/10.3.1/thumb/v6-m/nofp\libcr_eabihelpers.a(double.o)
                0x00003640                __aeabi_dadd
 .text.__aeabi_d2f
                0x00003774       0x60 s:/mcuxpressoide_11.6.0_8187/ide/plugins/com.nxp.mcuxpresso.tools.win32_11.6.0.202112161359/tools/bin/../lib/gcc/arm-none-eabi/10.3.1/thumb/v6-m/nofp\libcr_eabihelpers.a(double.o)
                0x00003774                __aeabi_d2f
 .text.__aeabi_dcmpeq
                0x000037d4       0x30 s:/mcuxpressoide_11.6.0_8187/ide/plugins/com.nxp.mcuxpresso.tools.win32_11.6.0.202112161359/tools/bin/../lib/gcc/arm-none-eabi/10.3.1/thumb/v6-m/nofp\libcr_eabihelpers.a(double.o)
                0x000037d4                __aeabi_dcmpeq
 .text.__aeabi_dcmplt
                0x00003804       0x60 s:/mcuxpressoide_11.6.0_8187/ide/plugins/com.nxp.mcuxpresso.tools.win32_11.6.0.202112161359/tools/bin/../lib/gcc/arm-none-eabi/10.3.1/thumb/v6-m/nofp\libcr_eabihelpers.a(double.o)
                0x00003804                __aeabi_dcmplt
 .text.__aeabi_dcmpgt
                0x00003864       0x5c s:/mcuxpressoide_11.6.0_8187/ide/plugins/com.nxp.mcuxpresso.tools.win32_11.6.0.202112161359/tools/bin/../lib/gcc/arm-none-eabi/10.3.1/thumb/v6-m/nofp\libcr_eabihelpers.a(double.o)
                0x00003864                __aeabi_dcmpgt
 .text.__aeabi_dcmple
                0x000038c0       0x5c s:/mcuxpressoide_11.6.0_8187/ide/plugins/com.nxp.mcuxpresso.tools.win32_11.6.0.202112161359/tools/bin/../lib/gcc/arm-none-eabi/10.3.1/thumb/v6-m/nofp\libcr_eabihelpers.a(double.o)
                0x000038c0                __aeabi_dcmple
 .text.__aeabi_fmul
                0x0000391c       0xc0 s:/mcuxpressoide_11.6.0_8187/ide/plugins/com.nxp.mcuxpresso.tools.win32_11.6.0.202112161359/tools/bin/../lib/gcc/arm-none-eabi/10.3.1/thumb/v6-m/nofp\libcr_eabihelpers.a(float.o)
                0x0000391c                __aeabi_fmul
 .text.__aeabi_fsub
                0x000039dc      0x128 s:/mcuxpressoide_11.6.0_8187/ide/plugins/com.nxp.mcuxpresso.tools.win32_11.6.0.202112161359/tools/bin/../lib/gcc/arm-none-eabi/10.3.1/thumb/v6-m/nofp\libcr_eabihelpers.a(float.o)
                0x000039dc                __aeabi_fsub
 .text.__aeabi_fadd
                0x00003b04       0xac s:/mcuxpressoide_11.6.0_8187/ide/plugins/com.nxp.mcuxpresso.tools.win32_11.6.0.202112161359/tools/bin/../lib/gcc/arm-none-eabi/10.3.1/thumb/v6-m/nofp\libcr_eabihelpers.a(float.o)
                0x00003b04                __aeabi_fadd
 .text.__aeabi_f2d
                0x00003bb0       0x40 s:/mcuxpressoide_11.6.0_8187/ide/plugins/com.nxp.mcuxpresso.tools.win32_11.6.0.202112161359/tools/bin/../lib/gcc/arm-none-eabi/10.3.1/thumb/v6-m/nofp\libcr_eabihelpers.a(float.o)
                0x00003bb0                __aeabi_f2d
 .text.UART_EnableTx
                0x00003bf0       0x40 ./utilities/fsl_debug_console.o
 .text.UART_EnableRx
                0x00003c30       0x40 ./utilities/fsl_debug_console.o
 .text.LPSCI_EnableTx
                0x00003c70       0x40 ./utilities/fsl_debug_console.o
 .text.LPSCI_EnableRx
                0x00003cb0       0x40 ./utilities/fsl_debug_console.o
 .text.tone_to_samples
                0x00003cf0       0x44 ./source/Final_Project.o
                0x00003cf0                tone_to_samples
 .text.Init_mma
                0x00003d34       0x16 ./source/mma8451.o
                0x00003d34                Init_mma
 .text.OSC_SetExtRefClkConfig
                0x00003d4a       0x3e ./drivers/fsl_clock.o
 .text.OSC_SetCapLoad
                0x00003d88       0x42 ./drivers/fsl_clock.o
 .text.CLOCK_GetPll0RefFreq
                0x00003dca       0x10 ./drivers/fsl_clock.o
 .text.CLOCK_SetExternalRefClkConfig
                0x00003dda       0x16 ./drivers/fsl_clock.o
                0x00003dda                CLOCK_SetExternalRefClkConfig
 .text.LPSCI_GetStatusFlags
                0x00003df0       0x26 ./drivers/fsl_lpsci.o
                0x00003df0                LPSCI_GetStatusFlags
 .text.UART_GetStatusFlags
                0x00003e16       0x26 ./drivers/fsl_uart.o
                0x00003e16                UART_GetStatusFlags
 .text.UART_WriteBlocking
                0x00003e3c       0x3c ./drivers/fsl_uart.o
                0x00003e3c                UART_WriteBlocking
 .text.BOARD_InitBootClocks
                0x00003e78        0xe ./board/clock_config.o
                0x00003e78                BOARD_InitBootClocks
 .text.BOARD_InitBootPeripherals
                0x00003e86        0xa ./board/peripherals.o
                0x00003e86                BOARD_InitBootPeripherals
 .text.BOARD_InitBootPins
                0x00003e90        0xe ./board/pin_mux.o
                0x00003e90                BOARD_InitBootPins
 .text.fp_interpolate
                0x00003e9e       0x52 S:/MCUXpressoIDE_11.6.0_8187/Final_Project/Debug/source/fp_trig.o
                0x00003e9e                fp_interpolate
 .text.__main   0x00003ef0        0xc s:/mcuxpressoide_11.6.0_8187/ide/plugins/com.nxp.mcuxpresso.tools.win32_11.6.0.202112161359/tools/bin/../lib/gcc/arm-none-eabi/10.3.1/../../../../arm-none-eabi/lib/thumb/v6-m/nofp\libcr_semihost_nf.a(_cr__main.o)
                0x00003ef0                __CR_SEMIHOST
                0x00003ef0                __main
 .text.memset   0x00003efc        0x8 s:/mcuxpressoide_11.6.0_8187/ide/plugins/com.nxp.mcuxpresso.tools.win32_11.6.0.202112161359/tools/bin/../lib/gcc/arm-none-eabi/10.3.1/../../../../arm-none-eabi/lib/thumb/v6-m/nofp\libcr_c.a(memset.o)
                0x00003efc                memset
 .text.free     0x00003f04       0x2c s:/mcuxpressoide_11.6.0_8187/ide/plugins/com.nxp.mcuxpresso.tools.win32_11.6.0.202112161359/tools/bin/../lib/gcc/arm-none-eabi/10.3.1/../../../../arm-none-eabi/lib/thumb/v6-m/nofp\libcr_c.a(alloc.o)
                0x00003f04                free
 .text.fabs     0x00003f30       0x22 s:/mcuxpressoide_11.6.0_8187/ide/plugins/com.nxp.mcuxpresso.tools.win32_11.6.0.202112161359/tools/bin/../lib/gcc/arm-none-eabi/10.3.1/../../../../arm-none-eabi/lib/thumb/v6-m/nofp\libcr_c.a(fabs.o)
                0x00003f30                fabs
 .text.fputs    0x00003f52       0x2e s:/mcuxpressoide_11.6.0_8187/ide/plugins/com.nxp.mcuxpresso.tools.win32_11.6.0.202112161359/tools/bin/../lib/gcc/arm-none-eabi/10.3.1/../../../../arm-none-eabi/lib/thumb/v6-m/nofp\libcr_c.a(fputs.o)
                0x00003f52                fputs
 .text.remove   0x00003f80       0x12 s:/mcuxpressoide_11.6.0_8187/ide/plugins/com.nxp.mcuxpresso.tools.win32_11.6.0.202112161359/tools/bin/../lib/gcc/arm-none-eabi/10.3.1/../../../../arm-none-eabi/lib/thumb/v6-m/nofp\libcr_c.a(remove.o)
                0x00003f80                remove
 .text.__aeabi_division_idivmod
                0x00003f92       0x78 s:/mcuxpressoide_11.6.0_8187/ide/plugins/com.nxp.mcuxpresso.tools.win32_11.6.0.202112161359/tools/bin/../lib/gcc/arm-none-eabi/10.3.1/thumb/v6-m/nofp\libcr_eabihelpers.a(division_32.o)
                0x00003f92                __aeabi_idivmod
                0x00003f92                __aeabi_idiv
                0x00003f98                __aeabi_uidivmod
                0x00003f98                __aeabi_uidiv
 .text.__aeabi_division_idiv0
                0x0000400a        0x2 s:/mcuxpressoide_11.6.0_8187/ide/plugins/com.nxp.mcuxpresso.tools.win32_11.6.0.202112161359/tools/bin/../lib/gcc/arm-none-eabi/10.3.1/thumb/v6-m/nofp\libcr_eabihelpers.a(division_idiv0.o)
                0x0000400a                __aeabi_idiv0
 .text.__bhs_ui2d
                0x0000400c       0x5e s:/mcuxpressoide_11.6.0_8187/ide/plugins/com.nxp.mcuxpresso.tools.win32_11.6.0.202112161359/tools/bin/../lib/gcc/arm-none-eabi/10.3.1/thumb/v6-m/nofp\libcr_eabihelpers.a(double.o)
                0x0000400c                __bhs_ui2d
 .text.__aeabi_i2d
                0x0000406a       0x18 s:/mcuxpressoide_11.6.0_8187/ide/plugins/com.nxp.mcuxpresso.tools.win32_11.6.0.202112161359/tools/bin/../lib/gcc/arm-none-eabi/10.3.1/thumb/v6-m/nofp\libcr_eabihelpers.a(double.o)
                0x0000406a                __aeabi_i2d
 .text.__aeabi_fcmpgt
                0x00004082       0x3e s:/mcuxpressoide_11.6.0_8187/ide/plugins/com.nxp.mcuxpresso.tools.win32_11.6.0.202112161359/tools/bin/../lib/gcc/arm-none-eabi/10.3.1/thumb/v6-m/nofp\libcr_eabihelpers.a(float.o)
                0x00004082                __aeabi_fcmpgt
 .text.__aeabi_llong_lmul
                0x000040c0       0x2e s:/mcuxpressoide_11.6.0_8187/ide/plugins/com.nxp.mcuxpresso.tools.win32_11.6.0.202112161359/tools/bin/../lib/gcc/arm-none-eabi/10.3.1/thumb/v6-m/nofp\libcr_eabihelpers.a(llong.o)
                0x000040c0                __aeabi_lmul
 .text.__aeabi_memset_lowlevel
                0x000040ee       0x2a s:/mcuxpressoide_11.6.0_8187/ide/plugins/com.nxp.mcuxpresso.tools.win32_11.6.0.202112161359/tools/bin/../lib/gcc/arm-none-eabi/10.3.1/thumb/v6-m/nofp\libcr_eabihelpers.a(memcpy.o)
                0x000040ee                __aeabi_lowlevel_memset
 .text.__sys_close
                0x00004118        0xc s:/mcuxpressoide_11.6.0_8187/ide/plugins/com.nxp.mcuxpresso.tools.win32_11.6.0.202112161359/tools/bin/../lib/gcc/arm-none-eabi/10.3.1/../../../../arm-none-eabi/lib/thumb/v6-m/nofp\libcr_semihost_nf.a(__sys_close.o)
                0x00004118                __sys_close
 .text.__sys_flen
                0x00004124        0xc s:/mcuxpressoide_11.6.0_8187/ide/plugins/com.nxp.mcuxpresso.tools.win32_11.6.0.202112161359/tools/bin/../lib/gcc/arm-none-eabi/10.3.1/../../../../arm-none-eabi/lib/thumb/v6-m/nofp\libcr_semihost_nf.a(__sys_flen.o)
                0x00004124                __sys_flen
 .text.__sys_istty
                0x00004130        0xc s:/mcuxpressoide_11.6.0_8187/ide/plugins/com.nxp.mcuxpresso.tools.win32_11.6.0.202112161359/tools/bin/../lib/gcc/arm-none-eabi/10.3.1/../../../../arm-none-eabi/lib/thumb/v6-m/nofp\libcr_semihost_nf.a(__sys_istty.o)
                0x00004130                __sys_istty
 .text.__sys_remove
                0x0000413c        0xc s:/mcuxpressoide_11.6.0_8187/ide/plugins/com.nxp.mcuxpresso.tools.win32_11.6.0.202112161359/tools/bin/../lib/gcc/arm-none-eabi/10.3.1/../../../../arm-none-eabi/lib/thumb/v6-m/nofp\libcr_semihost_nf.a(__sys_remove.o)
                0x0000413c                __sys_remove
 .text.__sys_seek
                0x00004148        0xc s:/mcuxpressoide_11.6.0_8187/ide/plugins/com.nxp.mcuxpresso.tools.win32_11.6.0.202112161359/tools/bin/../lib/gcc/arm-none-eabi/10.3.1/../../../../arm-none-eabi/lib/thumb/v6-m/nofp\libcr_semihost_nf.a(__sys_seek.o)
                0x00004148                __sys_seek
 .text.__sys_tmpnam
                0x00004154        0xc s:/mcuxpressoide_11.6.0_8187/ide/plugins/com.nxp.mcuxpresso.tools.win32_11.6.0.202112161359/tools/bin/../lib/gcc/arm-none-eabi/10.3.1/../../../../arm-none-eabi/lib/thumb/v6-m/nofp\libcr_semihost_nf.a(__sys_tmpnam.o)
                0x00004154                __sys_tmpnam
 .text.__sys_write
                0x00004160        0xc s:/mcuxpressoide_11.6.0_8187/ide/plugins/com.nxp.mcuxpresso.tools.win32_11.6.0.202112161359/tools/bin/../lib/gcc/arm-none-eabi/10.3.1/../../../../arm-none-eabi/lib/thumb/v6-m/nofp\libcr_semihost_nf.a(__sys_write.o)
                0x00004160                __sys_write
 *(SORT_BY_ALIGNMENT(.rodata) SORT_BY_ALIGNMENT(.rodata.*) SORT_BY_ALIGNMENT(.constdata) SORT_BY_ALIGNMENT(.constdata.*))
 *fill*         0x0000416c        0x4 ff
 .rodata.a.0    0x00004170       0x20 s:/mcuxpressoide_11.6.0_8187/ide/plugins/com.nxp.mcuxpresso.tools.win32_11.6.0.202112161359/tools/bin/../lib/gcc/arm-none-eabi/10.3.1/../../../../arm-none-eabi/lib/thumb/v6-m/nofp\libcr_c.a(atan.o)
 .rodata.CLOCK_GetMcgExtClkFreq.str1.4
                0x00004190       0x1e ./drivers/fsl_clock.o
 *fill*         0x000041ae        0x2 ff
 .rodata.CLOCK_GetPll0Freq.str1.4
                0x000041b0       0x1d ./drivers/fsl_clock.o
 *fill*         0x000041cd        0x3 ff
 .rodata.CLOCK_EnablePll0.str1.4
                0x000041d0       0x19 ./drivers/fsl_clock.o
 *fill*         0x000041e9        0x3 ff
 .rodata.CLOCK_SetPbeMode.str1.4
                0x000041ec       0x1a ./drivers/fsl_clock.o
 *fill*         0x00004206        0x2 ff
 .rodata.CLOCK_BootToPeeMode.str1.4
                0x00004208       0x1a ./drivers/fsl_clock.o
 *fill*         0x00004222        0x2 ff
 .rodata.fllFactorTable.1
                0x00004224       0x10 ./drivers/fsl_clock.o
 .rodata.LPSCI_GetInstance.str1.4
                0x00004234       0x36 ./drivers/fsl_lpsci.o
 *fill*         0x0000426a        0x2 ff
 .rodata.LPSCI_Init.str1.4
                0x0000426c       0x43 ./drivers/fsl_lpsci.o
 *fill*         0x000042af        0x1 ff
 .rodata.LPSCI_GetDefaultConfig.str1.4
                0x000042b0       0x19 ./drivers/fsl_lpsci.o
 *fill*         0x000042c9        0x3 ff
 .rodata.LPSCI_WriteBlocking.str1.4
                0x000042cc       0x17 ./drivers/fsl_lpsci.o
 *fill*         0x000042e3        0x1 ff
 .rodata.LPSCI_ReadBlocking.str1.4
                0x000042e4       0x17 ./drivers/fsl_lpsci.o
 *fill*         0x000042fb        0x1 ff
 .rodata.s_uartBases
                0x000042fc        0xc ./drivers/fsl_uart.o
 .rodata.s_uartClock
                0x00004308        0xc ./drivers/fsl_uart.o
 .rodata.UART_GetInstance.str1.4
                0x00004314       0x2b ./drivers/fsl_uart.o
 *fill*         0x0000433f        0x1 ff
 .rodata.UART_Init.str1.4
                0x00004340       0x3e ./drivers/fsl_uart.o
 *fill*         0x0000437e        0x2 ff
 .rodata.UART_GetDefaultConfig.str1.4
                0x00004380       0x18 ./drivers/fsl_uart.o
 .rodata.UART_ReadBlocking.str1.4
                0x00004398       0x16 ./drivers/fsl_uart.o
 *fill*         0x000043ae        0x2 ff
 .rodata.mcgConfig_BOARD_BootClockRUN
                0x000043b0        0xa ./board/clock_config.o
                0x000043b0                mcgConfig_BOARD_BootClockRUN
 *fill*         0x000043ba        0x2 ff
 .rodata.simConfig_BOARD_BootClockRUN
                0x000043bc        0x8 ./board/clock_config.o
                0x000043bc                simConfig_BOARD_BootClockRUN
 .rodata.oscConfig_BOARD_BootClockRUN
                0x000043c4        0x8 ./board/clock_config.o
                0x000043c4                oscConfig_BOARD_BootClockRUN
 .rodata.sin_lookup
                0x000043cc       0x42 S:/MCUXpressoIDE_11.6.0_8187/Final_Project/Debug/source/fp_trig.o
 *fill*         0x0000440e        0x2 ff
 .rodata.fp_sin.str1.4
                0x00004410       0x4a S:/MCUXpressoIDE_11.6.0_8187/Final_Project/Debug/source/fp_trig.o
 *fill*         0x0000445a        0x2 ff
 .rodata.__num_Ciob_streams
                0x0000445c        0x4 s:/mcuxpressoide_11.6.0_8187/ide/plugins/com.nxp.mcuxpresso.tools.win32_11.6.0.202112161359/tools/bin/../lib/gcc/arm-none-eabi/10.3.1/../../../../arm-none-eabi/lib/thumb/v6-m/nofp\libcr_semihost_nf.a(__ciob.o)
                0x0000445c                __num_Ciob_streams
 .rodata.__assertion_failed.str1.1
                0x00004460       0x15 s:/mcuxpressoide_11.6.0_8187/ide/plugins/com.nxp.mcuxpresso.tools.win32_11.6.0.202112161359/tools/bin/../lib/gcc/arm-none-eabi/10.3.1/../../../../arm-none-eabi/lib/thumb/v6-m/nofp\libcr_semihost_nf.a(_cr_assert.o)
 .rodata._Csys_alloc.str1.1
                0x00004475       0x18 s:/mcuxpressoide_11.6.0_8187/ide/plugins/com.nxp.mcuxpresso.tools.win32_11.6.0.202112161359/tools/bin/../lib/gcc/arm-none-eabi/10.3.1/../../../../arm-none-eabi/lib/thumb/v6-m/nofp\libcr_c.a(alloc.o)
 .rodata._initio.str1.1
                0x0000448d        0x4 s:/mcuxpressoide_11.6.0_8187/ide/plugins/com.nxp.mcuxpresso.tools.win32_11.6.0.202112161359/tools/bin/../lib/gcc/arm-none-eabi/10.3.1/../../../../arm-none-eabi/lib/thumb/v6-m/nofp\libcr_c.a(initio.o)
                0x00004494                . = ALIGN (0x4)
 *fill*         0x00004491        0x3 ff
                0x00004494                _etext = .

.glue_7         0x00004494        0x0
 .glue_7        0x00004494        0x0 linker stubs

.glue_7t        0x00004494        0x0
 .glue_7t       0x00004494        0x0 linker stubs

.vfp11_veneer   0x00004494        0x0
 .vfp11_veneer  0x00004494        0x0 linker stubs

.v4_bx          0x00004494        0x0
 .v4_bx         0x00004494        0x0 linker stubs

.iplt           0x00004494        0x0
 .iplt          0x00004494        0x0 ./utilities/fsl_debug_console.o

.rel.dyn        0x00004494        0x0
 .rel.iplt      0x00004494        0x0 ./utilities/fsl_debug_console.o

.m_usb_data
 *(SORT_BY_ALIGNMENT(m_usb_bdt))

.mtb_buffer_default
                0x1ffff000       0x80
 *(SORT_BY_ALIGNMENT(.mtb*))
 .mtb.$RAM1     0x1ffff000       0x80 ./source/mtb.o
                0x1ffff000                __mtb_buffer__

.uninit_RESERVED
                0x1ffff080        0x0
                0x1ffff080                _start_uninit_RESERVED = .
 *(SORT_BY_ALIGNMENT(.bss.$RESERVED*))
                0x1ffff080                . = ALIGN (0x4)
                0x1ffff080                _end_uninit_RESERVED = .

.data           0x1ffff080      0x148 load address 0x00004494
 FILL mask 0xff
                0x1ffff080                _data = .
                [!provide]                PROVIDE (__start_data_RAM = .)
                [!provide]                PROVIDE (__start_data_SRAM = .)
 *(SORT_BY_ALIGNMENT(vtable))
 *(SORT_BY_ALIGNMENT(.ramfunc*))
 *(SORT_BY_ALIGNMENT(CodeQuickAccess))
 *(SORT_BY_ALIGNMENT(DataQuickAccess))
 *(SORT_BY_ALIGNMENT(RamFunction))
 *(SORT_BY_ALIGNMENT(.data*))
 .data.ToneFreq
                0x1ffff080       0x18 ./source/DMA.o
                0x1ffff080                ToneFreq
 .data.Tones    0x1ffff098       0x30 ./source/DMA.o
                0x1ffff098                Tones
 .data.MyTones  0x1ffff0c8       0x50 ./source/DMA.o
                0x1ffff0c8                MyTones
 .data.samplingToneFreq
                0x1ffff118       0x28 ./source/DMA.o
                0x1ffff118                samplingToneFreq
 .data.Tones_Less_Sound
                0x1ffff140       0x30 ./source/DMA.o
                0x1ffff140                Tones_Less_Sound
 .data.MyTones_Less_Sound
                0x1ffff170       0x50 ./source/DMA.o
                0x1ffff170                MyTones_Less_Sound
 .data.s_slowIrcFreq
                0x1ffff1c0        0x4 ./drivers/fsl_clock.o
 .data.SystemCoreClock
                0x1ffff1c4        0x4 ./CMSIS/system_MKL25Z4.o
                0x1ffff1c4                SystemCoreClock
                0x1ffff1c8                . = ALIGN (0x4)
                0x1ffff1c8                _edata = .
                [!provide]                PROVIDE (__end_data_RAM = .)
                [!provide]                PROVIDE (__end_data_SRAM = .)

.igot.plt       0x1ffff1c8        0x0 load address 0x000045dc
 .igot.plt      0x1ffff1c8        0x0 ./utilities/fsl_debug_console.o

.bss            0x1ffff1c8     0x1d88
                0x1ffff1c8                _bss = .
                [!provide]                PROVIDE (__start_bss_RAM = .)
                [!provide]                PROVIDE (__start_bss_SRAM = .)
 *(SORT_BY_ALIGNMENT(.bss*))
 .bss.s_debugConsole
                0x1ffff1c8       0x10 ./utilities/fsl_debug_console.o
 .bss.Freq_C4   0x1ffff1d8      0x170 ./source/DMA.o
                0x1ffff1d8                Freq_C4
 .bss.Freq_C4_4
                0x1ffff348      0x170 ./source/DMA.o
                0x1ffff348                Freq_C4_4
 .bss.Freq_C4_1
                0x1ffff4b8      0x15c ./source/DMA.o
                0x1ffff4b8                Freq_C4_1
 .bss.Freq_C4_1_4
                0x1ffff614      0x15c ./source/DMA.o
                0x1ffff614                Freq_C4_1_4
 .bss.Freq_D4   0x1ffff770      0x148 ./source/DMA.o
                0x1ffff770                Freq_D4
 .bss.Freq_D4_4
                0x1ffff8b8      0x148 ./source/DMA.o
                0x1ffff8b8                Freq_D4_4
 .bss.Freq_D4_1
                0x1ffffa00      0x136 ./source/DMA.o
                0x1ffffa00                Freq_D4_1
 *fill*         0x1ffffb36        0x2 
 .bss.Freq_D4_1_4
                0x1ffffb38      0x148 ./source/DMA.o
                0x1ffffb38                Freq_D4_1_4
 .bss.Freq_E4   0x1ffffc80      0x124 ./source/DMA.o
                0x1ffffc80                Freq_E4
 .bss.Freq_E4_4
                0x1ffffda4      0x148 ./source/DMA.o
                0x1ffffda4                Freq_E4_4
 .bss.Freq_F4   0x1ffffeec      0x114 ./source/DMA.o
                0x1ffffeec                Freq_F4
 .bss.Freq_F4_4
                0x20000000      0x148 ./source/DMA.o
                0x20000000                Freq_F4_4
 .bss.Freq_F4_1
                0x20000148      0x104 ./source/DMA.o
                0x20000148                Freq_F4_1
 .bss.Freq_F4_1_4
                0x2000024c      0x148 ./source/DMA.o
                0x2000024c                Freq_F4_1_4
 .bss.Freq_G4   0x20000394       0xf6 ./source/DMA.o
                0x20000394                Freq_G4
 *fill*         0x2000048a        0x2 
 .bss.Freq_G4_4
                0x2000048c      0x148 ./source/DMA.o
                0x2000048c                Freq_G4_4
 .bss.Freq_G4_1
                0x200005d4       0xe8 ./source/DMA.o
                0x200005d4                Freq_G4_1
 .bss.Freq_G4_1_4
                0x200006bc      0x148 ./source/DMA.o
                0x200006bc                Freq_G4_1_4
 .bss.Freq_A4   0x20000804       0xdc ./source/DMA.o
                0x20000804                Freq_A4
 .bss.Freq_A4_4
                0x200008e0      0x148 ./source/DMA.o
                0x200008e0                Freq_A4_4
 .bss.Freq_A4_1
                0x20000a28       0xd0 ./source/DMA.o
                0x20000a28                Freq_A4_1
 .bss.Freq_A4_1_4
                0x20000af8      0x148 ./source/DMA.o
                0x20000af8                Freq_A4_1_4
 .bss.Freq_B4   0x20000c40       0xc4 ./source/DMA.o
                0x20000c40                Freq_B4
 .bss.Freq_B4_4
                0x20000d04      0x148 ./source/DMA.o
                0x20000d04                Freq_B4_4
 .bss.Reload_DMA_Source
                0x20000e4c        0x4 ./source/DMA.o
                0x20000e4c                Reload_DMA_Source
 .bss.Reload_DMA_Byte_Count
                0x20000e50        0x4 ./source/DMA.o
                0x20000e50                Reload_DMA_Byte_Count
 .bss.lock_detect
                0x20000e54        0x4 ./source/i2c.o
                0x20000e54                lock_detect
 .bss.i2c_lock  0x20000e58        0x4 ./source/i2c.o
                0x20000e58                i2c_lock
 .bss.roll      0x20000e5c        0x4 ./source/mma8451.o
                0x20000e5c                roll
 .bss.pitch     0x20000e60        0x4 ./source/mma8451.o
                0x20000e60                pitch
 .bss.overallTime
                0x20000e64        0x4 ./source/systick.o
                0x20000e64                overallTime
 .bss.elapsedTime
                0x20000e68        0x4 ./source/systick.o
                0x20000e68                elapsedTime
 .bss.g_xtal0Freq
                0x20000e6c        0x4 ./drivers/fsl_clock.o
                0x20000e6c                g_xtal0Freq
 .bss.s_lpsciHandle
                0x20000e70        0x4 ./drivers/fsl_lpsci.o
 .bss.s_lpsciIsr
                0x20000e74        0x4 ./drivers/fsl_lpsci.o
 .bss.s_uartHandle
                0x20000e78        0xc ./drivers/fsl_uart.o
 .bss.s_uartIsr
                0x20000e84        0x4 ./drivers/fsl_uart.o
 .bss.__Ciob    0x20000e88       0xb4 s:/mcuxpressoide_11.6.0_8187/ide/plugins/com.nxp.mcuxpresso.tools.win32_11.6.0.202112161359/tools/bin/../lib/gcc/arm-none-eabi/10.3.1/../../../../arm-none-eabi/lib/thumb/v6-m/nofp\libcr_semihost_nf.a(__ciob.o)
                0x20000e88                __Ciob
 .bss.errno     0x20000f3c        0x4 s:/mcuxpressoide_11.6.0_8187/ide/plugins/com.nxp.mcuxpresso.tools.win32_11.6.0.202112161359/tools/bin/../lib/gcc/arm-none-eabi/10.3.1/../../../../arm-none-eabi/lib/thumb/v6-m/nofp\libcr_c.a(errno.o)
                0x20000f3c                errno
 .bss.__end_of_heap
                0x20000f40        0x4 s:/mcuxpressoide_11.6.0_8187/ide/plugins/com.nxp.mcuxpresso.tools.win32_11.6.0.202112161359/tools/bin/../lib/gcc/arm-none-eabi/10.3.1/../../../../arm-none-eabi/lib/thumb/v6-m/nofp\libcr_c.a(__init_alloc.o)
                0x20000f40                __end_of_heap
 .bss.__heaps   0x20000f44        0x4 s:/mcuxpressoide_11.6.0_8187/ide/plugins/com.nxp.mcuxpresso.tools.win32_11.6.0.202112161359/tools/bin/../lib/gcc/arm-none-eabi/10.3.1/../../../../arm-none-eabi/lib/thumb/v6-m/nofp\libcr_c.a(__init_alloc.o)
                0x20000f44                __heaps
 .bss.acc_X     0x20000f48        0x2 ./source/mma8451.o
                0x20000f48                acc_X
 .bss.acc_Y     0x20000f4a        0x2 ./source/mma8451.o
                0x20000f4a                acc_Y
 .bss.acc_Z     0x20000f4c        0x2 ./source/mma8451.o
                0x20000f4c                acc_Z
 .bss.ind       0x20000f4e        0x1 ./source/systick.o
                0x20000f4e                ind
 *(SORT_BY_ALIGNMENT(COMMON))
                0x20000f50                . = ALIGN (0x4)
 *fill*         0x20000f4f        0x1 
                0x20000f50                _ebss = .
                [!provide]                PROVIDE (__end_bss_RAM = .)
                [!provide]                PROVIDE (__end_bss_SRAM = .)
                [!provide]                PROVIDE (end = .)

.noinit         0x20000f50        0x0
                0x20000f50                _noinit = .
                [!provide]                PROVIDE (__start_noinit_RAM = .)
                [!provide]                PROVIDE (__start_noinit_SRAM = .)
 *(SORT_BY_ALIGNMENT(.noinit*))
                0x20000f50                . = ALIGN (0x4)
                0x20000f50                _end_noinit = .
                [!provide]                PROVIDE (__end_noinit_RAM = .)
                [!provide]                PROVIDE (__end_noinit_SRAM = .)

.ARM.extab
 *(SORT_BY_ALIGNMENT(.ARM.extab*) SORT_BY_ALIGNMENT(.gnu.linkonce.armextab.*))

.ARM.exidx      0x000045dc        0x0
                0x000045dc                __exidx_start = .
 *(SORT_BY_ALIGNMENT(.ARM.exidx*) SORT_BY_ALIGNMENT(.gnu.linkonce.armexidx.*))
                0x000045dc                __exidx_end = .
                0x00000400                _HeapSize = 0x400

.heap           0x20000f50      0x400
                0x20000f50                _pvHeapStart = .
                0x20001350                . = (. + _HeapSize)
 *fill*         0x20000f50      0x400 
                0x20001350                . = ALIGN (0x4)
                0x20001350                _pvHeapLimit = .
                0x00000400                _StackSize = 0x400

.heap2stackfill
                0x20001350      0x400
                0x20001750                . = (. + _StackSize)
 *fill*         0x20001350      0x400 

.stack          0x20002c00        0x0
                0x20002c00                _vStackBase = .
                0x20002c00                . = ALIGN (0x4)
                0x20003000                _vStackTop = (. + _StackSize)
                0x00000000                _image_start = LOADADDR (.text)
                0x000045dc                _image_end = (LOADADDR (.data) + SIZEOF (.data))
                0x000045dc                _image_size = (_image_end - _image_start)
OUTPUT(Final_Project.axf elf32-littlearm)
LOAD linker stubs

.debug_info     0x00000000     0x8ed3
 .debug_info    0x00000000      0x84f ./utilities/fsl_debug_console.o
 .debug_info    0x0000084f      0x4eb ./startup/startup_mkl25z4.o
 .debug_info    0x00000d3a      0x3d7 ./source/DAC.o
 .debug_info    0x00001111      0xbc7 ./source/DMA.o
 .debug_info    0x00001cd8      0x1b1 ./source/Final_Project.o
 .debug_info    0x00001e89      0x38f ./source/LEDs.o
 .debug_info    0x00002218      0x531 ./source/i2c.o
 .debug_info    0x00002749      0x1e8 ./source/mma8451.o
 .debug_info    0x00002931       0x53 ./source/mtb.o
 .debug_info    0x00002984       0x3c ./source/semihost_hardfault.o
 .debug_info    0x000029c0      0x490 ./source/systick.o
 .debug_info    0x00002e50      0x390 ./source/timers.o
 .debug_info    0x000031e0     0x1a5a ./drivers/fsl_clock.o
 .debug_info    0x00004c3a     0x140d ./drivers/fsl_lpsci.o
 .debug_info    0x00006047     0x13ae ./drivers/fsl_uart.o
 .debug_info    0x000073f5      0x39b ./board/board.o
 .debug_info    0x00007790      0xabc ./board/clock_config.o
 .debug_info    0x0000824c       0x3c ./board/peripherals.o
 .debug_info    0x00008288      0x547 ./board/pin_mux.o
 .debug_info    0x000087cf      0x401 ./CMSIS/system_MKL25Z4.o
 .debug_info    0x00008bd0      0x303 S:/MCUXpressoIDE_11.6.0_8187/Final_Project/Debug/source/fp_trig.o

.debug_abbrev   0x00000000     0x1d9e
 .debug_abbrev  0x00000000      0x1d7 ./utilities/fsl_debug_console.o
 .debug_abbrev  0x000001d7      0x198 ./startup/startup_mkl25z4.o
 .debug_abbrev  0x0000036f       0xdd ./source/DAC.o
 .debug_abbrev  0x0000044c      0x20f ./source/DMA.o
 .debug_abbrev  0x0000065b       0xf8 ./source/Final_Project.o
 .debug_abbrev  0x00000753       0xdf ./source/LEDs.o
 .debug_abbrev  0x00000832      0x179 ./source/i2c.o
 .debug_abbrev  0x000009ab       0xfe ./source/mma8451.o
 .debug_abbrev  0x00000aa9       0x46 ./source/mtb.o
 .debug_abbrev  0x00000aef       0x31 ./source/semihost_hardfault.o
 .debug_abbrev  0x00000b20      0x1a9 ./source/systick.o
 .debug_abbrev  0x00000cc9       0xdf ./source/timers.o
 .debug_abbrev  0x00000da8      0x357 ./drivers/fsl_clock.o
 .debug_abbrev  0x000010ff      0x2d7 ./drivers/fsl_lpsci.o
 .debug_abbrev  0x000013d6      0x2f1 ./drivers/fsl_uart.o
 .debug_abbrev  0x000016c7      0x11b ./board/board.o
 .debug_abbrev  0x000017e2      0x201 ./board/clock_config.o
 .debug_abbrev  0x000019e3       0x31 ./board/peripherals.o
 .debug_abbrev  0x00001a14      0x189 ./board/pin_mux.o
 .debug_abbrev  0x00001b9d      0x12e ./CMSIS/system_MKL25Z4.o
 .debug_abbrev  0x00001ccb       0xd3 S:/MCUXpressoIDE_11.6.0_8187/Final_Project/Debug/source/fp_trig.o

.debug_aranges  0x00000000      0x910
 .debug_aranges
                0x00000000       0x48 ./utilities/fsl_debug_console.o
 .debug_aranges
                0x00000048      0x160 ./startup/startup_mkl25z4.o
 .debug_aranges
                0x000001a8       0x20 ./source/DAC.o
 .debug_aranges
                0x000001c8       0x58 ./source/DMA.o
 .debug_aranges
                0x00000220       0x28 ./source/Final_Project.o
 .debug_aranges
                0x00000248       0x20 ./source/LEDs.o
 .debug_aranges
                0x00000268       0x58 ./source/i2c.o
 .debug_aranges
                0x000002c0       0x38 ./source/mma8451.o
 .debug_aranges
                0x000002f8       0x18 ./source/mtb.o
 .debug_aranges
                0x00000310       0x20 ./source/semihost_hardfault.o
 .debug_aranges
                0x00000330       0x48 ./source/systick.o
 .debug_aranges
                0x00000378       0x28 ./source/timers.o
 .debug_aranges
                0x000003a0      0x1d8 ./drivers/fsl_clock.o
 .debug_aranges
                0x00000578      0x118 ./drivers/fsl_lpsci.o
 .debug_aranges
                0x00000690      0x130 ./drivers/fsl_uart.o
 .debug_aranges
                0x000007c0       0x28 ./board/board.o
 .debug_aranges
                0x000007e8       0x58 ./board/clock_config.o
 .debug_aranges
                0x00000840       0x20 ./board/peripherals.o
 .debug_aranges
                0x00000860       0x38 ./board/pin_mux.o
 .debug_aranges
                0x00000898       0x28 ./CMSIS/system_MKL25Z4.o
 .debug_aranges
                0x000008c0       0x50 S:/MCUXpressoIDE_11.6.0_8187/Final_Project/Debug/source/fp_trig.o

.debug_ranges   0x00000000      0x7b8
 .debug_ranges  0x00000000       0x38 ./utilities/fsl_debug_console.o
 .debug_ranges  0x00000038      0x150 ./startup/startup_mkl25z4.o
 .debug_ranges  0x00000188       0x10 ./source/DAC.o
 .debug_ranges  0x00000198       0x48 ./source/DMA.o
 .debug_ranges  0x000001e0       0x18 ./source/Final_Project.o
 .debug_ranges  0x000001f8       0x10 ./source/LEDs.o
 .debug_ranges  0x00000208       0x48 ./source/i2c.o
 .debug_ranges  0x00000250       0x28 ./source/mma8451.o
 .debug_ranges  0x00000278       0x10 ./source/semihost_hardfault.o
 .debug_ranges  0x00000288       0x38 ./source/systick.o
 .debug_ranges  0x000002c0       0x18 ./source/timers.o
 .debug_ranges  0x000002d8      0x1c8 ./drivers/fsl_clock.o
 .debug_ranges  0x000004a0      0x108 ./drivers/fsl_lpsci.o
 .debug_ranges  0x000005a8      0x120 ./drivers/fsl_uart.o
 .debug_ranges  0x000006c8       0x18 ./board/board.o
 .debug_ranges  0x000006e0       0x48 ./board/clock_config.o
 .debug_ranges  0x00000728       0x10 ./board/peripherals.o
 .debug_ranges  0x00000738       0x28 ./board/pin_mux.o
 .debug_ranges  0x00000760       0x18 ./CMSIS/system_MKL25Z4.o
 .debug_ranges  0x00000778       0x40 S:/MCUXpressoIDE_11.6.0_8187/Final_Project/Debug/source/fp_trig.o

.debug_macro    0x00000000     0xf012
 .debug_macro   0x00000000      0x13a ./utilities/fsl_debug_console.o
 .debug_macro   0x0000013a      0xa84 ./utilities/fsl_debug_console.o
 .debug_macro   0x00000bbe       0x10 ./utilities/fsl_debug_console.o
 .debug_macro   0x00000bce       0x16 ./utilities/fsl_debug_console.o
 .debug_macro   0x00000be4       0x10 ./utilities/fsl_debug_console.o
 .debug_macro   0x00000bf4      0x12e ./utilities/fsl_debug_console.o
 .debug_macro   0x00000d22       0x28 ./utilities/fsl_debug_console.o
 .debug_macro   0x00000d4a       0xc4 ./utilities/fsl_debug_console.o
 .debug_macro   0x00000e0e       0x16 ./utilities/fsl_debug_console.o
 .debug_macro   0x00000e24       0x22 ./utilities/fsl_debug_console.o
 .debug_macro   0x00000e46      0x5b3 ./utilities/fsl_debug_console.o
 .debug_macro   0x000013f9       0x10 ./utilities/fsl_debug_console.o
 .debug_macro   0x00001409       0x3f ./utilities/fsl_debug_console.o
 .debug_macro   0x00001448       0x3a ./utilities/fsl_debug_console.o
 .debug_macro   0x00001482       0x26 ./utilities/fsl_debug_console.o
 .debug_macro   0x000014a8      0x329 ./utilities/fsl_debug_console.o
 .debug_macro   0x000017d1       0x30 ./utilities/fsl_debug_console.o
 .debug_macro   0x00001801     0x51e2 ./utilities/fsl_debug_console.o
 .debug_macro   0x000069e3     0x1352 ./utilities/fsl_debug_console.o
 .debug_macro   0x00007d35       0x3a ./utilities/fsl_debug_console.o
 .debug_macro   0x00007d6f       0xf4 ./utilities/fsl_debug_console.o
 .debug_macro   0x00007e63       0x35 ./utilities/fsl_debug_console.o
 .debug_macro   0x00007e98       0xd2 ./utilities/fsl_debug_console.o
 .debug_macro   0x00007f6a       0x2e ./utilities/fsl_debug_console.o
 .debug_macro   0x00007f98       0x10 ./utilities/fsl_debug_console.o
 .debug_macro   0x00007fa8       0x10 ./utilities/fsl_debug_console.o
 .debug_macro   0x00007fb8       0x29 ./startup/startup_mkl25z4.o
 .debug_macro   0x00007fe1       0x9b ./source/DAC.o
 .debug_macro   0x0000807c       0x34 ./source/DAC.o
 .debug_macro   0x000080b0       0x3a ./source/DAC.o
 .debug_macro   0x000080ea      0x130 ./source/DMA.o
 .debug_macro   0x0000821a       0x10 ./source/DMA.o
 .debug_macro   0x0000822a       0x10 ./source/DMA.o
 .debug_macro   0x0000823a       0x22 ./source/DMA.o
 .debug_macro   0x0000825c      0x199 ./source/Final_Project.o
 .debug_macro   0x000083f5       0xd8 ./source/Final_Project.o
 .debug_macro   0x000084cd       0x16 ./source/Final_Project.o
 .debug_macro   0x000084e3       0x10 ./source/Final_Project.o
 .debug_macro   0x000084f3      0x112 ./source/Final_Project.o
 .debug_macro   0x00008605       0x34 ./source/Final_Project.o
 .debug_macro   0x00008639       0x22 ./source/Final_Project.o
 .debug_macro   0x0000865b       0x46 ./source/Final_Project.o
 .debug_macro   0x000086a1       0x58 ./source/Final_Project.o
 .debug_macro   0x000086f9       0x16 ./source/Final_Project.o
 .debug_macro   0x0000870f       0xa0 ./source/LEDs.o
 .debug_macro   0x000087af       0x10 ./source/LEDs.o
 .debug_macro   0x000087bf       0x9d ./source/i2c.o
 .debug_macro   0x0000885c       0x3f ./source/i2c.o
 .debug_macro   0x0000889b     0x51e2 ./source/i2c.o
 .debug_macro   0x0000da7d       0xb5 ./source/mma8451.o
 .debug_macro   0x0000db32       0x2f ./source/mtb.o
 .debug_macro   0x0000db61       0x82 ./source/mtb.o
 .debug_macro   0x0000dbe3       0x10 ./source/mtb.o
 .debug_macro   0x0000dbf3       0x11 ./source/semihost_hardfault.o
 .debug_macro   0x0000dc04       0xbf ./source/systick.o
 .debug_macro   0x0000dcc3       0x1c ./source/systick.o
 .debug_macro   0x0000dcdf       0x9e ./source/timers.o
 .debug_macro   0x0000dd7d      0x196 ./drivers/fsl_clock.o
 .debug_macro   0x0000df13       0x1c ./drivers/fsl_clock.o
 .debug_macro   0x0000df2f       0xec ./drivers/fsl_lpsci.o
 .debug_macro   0x0000e01b       0xf2 ./drivers/fsl_uart.o
 .debug_macro   0x0000e10d      0x12b ./board/board.o
 .debug_macro   0x0000e238      0x123 ./board/clock_config.o
 .debug_macro   0x0000e35b       0x1b ./board/peripherals.o
 .debug_macro   0x0000e376      0x107 ./board/pin_mux.o
 .debug_macro   0x0000e47d       0x10 ./board/pin_mux.o
 .debug_macro   0x0000e48d       0x94 ./CMSIS/system_MKL25Z4.o
 .debug_macro   0x0000e521       0x67 S:/MCUXpressoIDE_11.6.0_8187/Final_Project/Debug/source/fp_trig.o
 .debug_macro   0x0000e588      0xa8a S:/MCUXpressoIDE_11.6.0_8187/Final_Project/Debug/source/fp_trig.o

.debug_line     0x00000000     0x6013
 .debug_line    0x00000000      0x452 ./utilities/fsl_debug_console.o
 .debug_line    0x00000452      0x1ed ./startup/startup_mkl25z4.o
 .debug_line    0x0000063f      0x234 ./source/DAC.o
 .debug_line    0x00000873      0x494 ./source/DMA.o
 .debug_line    0x00000d07      0x49c ./source/Final_Project.o
 .debug_line    0x000011a3      0x22b ./source/LEDs.o
 .debug_line    0x000013ce      0x3aa ./source/i2c.o
 .debug_line    0x00001778      0x34c ./source/mma8451.o
 .debug_line    0x00001ac4       0xcd ./source/mtb.o
 .debug_line    0x00001b91       0x59 ./source/semihost_hardfault.o
 .debug_line    0x00001bea      0x341 ./source/systick.o
 .debug_line    0x00001f2b      0x23e ./source/timers.o
 .debug_line    0x00002169     0x12d9 ./drivers/fsl_clock.o
 .debug_line    0x00003442      0xd52 ./drivers/fsl_lpsci.o
 .debug_line    0x00004194      0xd41 ./drivers/fsl_uart.o
 .debug_line    0x00004ed5      0x35e ./board/board.o
 .debug_line    0x00005233      0x3bb ./board/clock_config.o
 .debug_line    0x000055ee       0x5c ./board/peripherals.o
 .debug_line    0x0000564a      0x342 ./board/pin_mux.o
 .debug_line    0x0000598c      0x32b ./CMSIS/system_MKL25Z4.o
 .debug_line    0x00005cb7      0x35c S:/MCUXpressoIDE_11.6.0_8187/Final_Project/Debug/source/fp_trig.o

.debug_str      0x00000000    0x36525
 .debug_str     0x00000000    0x313d0 ./utilities/fsl_debug_console.o
                              0x31613 (size before relaxing)
 .debug_str     0x000313d0      0x3cd ./startup/startup_mkl25z4.o
                               0x30ba (size before relaxing)
 .debug_str     0x0003179d      0x19c ./source/DAC.o
                              0x28d88 (size before relaxing)
 .debug_str     0x00031939      0x59b ./source/DMA.o
                              0x295c6 (size before relaxing)
 .debug_str     0x00031ed4      0xda9 ./source/Final_Project.o
                              0x315ad (size before relaxing)
 .debug_str     0x00032c7d       0x1f ./source/LEDs.o
                              0x28dcb (size before relaxing)
 .debug_str     0x00032c9c       0xcd ./source/i2c.o
                              0x28f11 (size before relaxing)
 .debug_str     0x00032d69       0x8f ./source/mma8451.o
                              0x293d4 (size before relaxing)
 .debug_str     0x00032df8      0x532 ./source/mtb.o
                               0x31da (size before relaxing)
 .debug_str     0x0003332a       0x1f ./source/semihost_hardfault.o
                               0x2cc7 (size before relaxing)
 .debug_str     0x00033349       0xb7 ./source/systick.o
                              0x292b6 (size before relaxing)
 .debug_str     0x00033400       0x68 ./source/timers.o
                              0x28d51 (size before relaxing)
 .debug_str     0x00033468     0x1788 ./drivers/fsl_clock.o
                              0x3218f (size before relaxing)
 .debug_str     0x00034bf0      0x96b ./drivers/fsl_lpsci.o
                              0x3177e (size before relaxing)
 .debug_str     0x0003555b      0x832 ./drivers/fsl_uart.o
                              0x317a1 (size before relaxing)
 .debug_str     0x00035d8d       0x4c ./board/board.o
                              0x311f1 (size before relaxing)
 .debug_str     0x00035dd9      0x3c1 ./board/clock_config.o
                              0x310c0 (size before relaxing)
 .debug_str     0x0003619a       0x31 ./board/peripherals.o
                               0x2cd8 (size before relaxing)
 .debug_str     0x000361cb      0x1e1 ./board/pin_mux.o
                              0x30807 (size before relaxing)
 .debug_str     0x000363ac       0x4f ./CMSIS/system_MKL25Z4.o
                              0x2fb09 (size before relaxing)
 .debug_str     0x000363fb      0x12a S:/MCUXpressoIDE_11.6.0_8187/Final_Project/Debug/source/fp_trig.o
                               0x4820 (size before relaxing)

.comment        0x00000000       0x49
 .comment       0x00000000       0x49 ./utilities/fsl_debug_console.o
                                 0x4a (size before relaxing)
 .comment       0x00000049       0x4a ./startup/startup_mkl25z4.o
 .comment       0x00000049       0x4a ./source/DAC.o
 .comment       0x00000049       0x4a ./source/DMA.o
 .comment       0x00000049       0x4a ./source/Final_Project.o
 .comment       0x00000049       0x4a ./source/LEDs.o
 .comment       0x00000049       0x4a ./source/i2c.o
 .comment       0x00000049       0x4a ./source/mma8451.o
 .comment       0x00000049       0x4a ./source/mtb.o
 .comment       0x00000049       0x4a ./source/semihost_hardfault.o
 .comment       0x00000049       0x4a ./source/systick.o
 .comment       0x00000049       0x4a ./source/timers.o
 .comment       0x00000049       0x4a ./drivers/fsl_clock.o
 .comment       0x00000049       0x4a ./drivers/fsl_lpsci.o
 .comment       0x00000049       0x4a ./drivers/fsl_uart.o
 .comment       0x00000049       0x4a ./board/board.o
 .comment       0x00000049       0x4a ./board/clock_config.o
 .comment       0x00000049       0x4a ./board/peripherals.o
 .comment       0x00000049       0x4a ./board/pin_mux.o
 .comment       0x00000049       0x4a ./CMSIS/system_MKL25Z4.o
 .comment       0x00000049       0x4a S:/MCUXpressoIDE_11.6.0_8187/Final_Project/Debug/source/fp_trig.o
 .comment       0x00000049       0x4a s:/mcuxpressoide_11.6.0_8187/ide/plugins/com.nxp.mcuxpresso.tools.win32_11.6.0.202112161359/tools/bin/../lib/gcc/arm-none-eabi/10.3.1/../../../../arm-none-eabi/lib/thumb/v6-m/nofp\libcr_semihost_nf.a(_cr__main.o)
 .comment       0x00000049       0x4a s:/mcuxpressoide_11.6.0_8187/ide/plugins/com.nxp.mcuxpresso.tools.win32_11.6.0.202112161359/tools/bin/../lib/gcc/arm-none-eabi/10.3.1/../../../../arm-none-eabi/lib/thumb/v6-m/nofp\libcr_semihost_nf.a(_cr_assert.o)
 .comment       0x00000049       0x4a s:/mcuxpressoide_11.6.0_8187/ide/plugins/com.nxp.mcuxpresso.tools.win32_11.6.0.202112161359/tools/bin/../lib/gcc/arm-none-eabi/10.3.1/../../../../arm-none-eabi/lib/thumb/v6-m/nofp\libcr_semihost_nf.a(__ciob.o)
 .comment       0x00000049       0x4a s:/mcuxpressoide_11.6.0_8187/ide/plugins/com.nxp.mcuxpresso.tools.win32_11.6.0.202112161359/tools/bin/../lib/gcc/arm-none-eabi/10.3.1/../../../../arm-none-eabi/lib/thumb/v6-m/nofp\libcr_c.a(memset.o)
 .comment       0x00000049       0x4a s:/mcuxpressoide_11.6.0_8187/ide/plugins/com.nxp.mcuxpresso.tools.win32_11.6.0.202112161359/tools/bin/../lib/gcc/arm-none-eabi/10.3.1/../../../../arm-none-eabi/lib/thumb/v6-m/nofp\libcr_c.a(_deferredlazyseek.o)
 .comment       0x00000049       0x4a s:/mcuxpressoide_11.6.0_8187/ide/plugins/com.nxp.mcuxpresso.tools.win32_11.6.0.202112161359/tools/bin/../lib/gcc/arm-none-eabi/10.3.1/../../../../arm-none-eabi/lib/thumb/v6-m/nofp\libcr_c.a(_fflush.o)
 .comment       0x00000049       0x4a s:/mcuxpressoide_11.6.0_8187/ide/plugins/com.nxp.mcuxpresso.tools.win32_11.6.0.202112161359/tools/bin/../lib/gcc/arm-none-eabi/10.3.1/../../../../arm-none-eabi/lib/thumb/v6-m/nofp\libcr_c.a(_writebuf.o)
 .comment       0x00000049       0x4a s:/mcuxpressoide_11.6.0_8187/ide/plugins/com.nxp.mcuxpresso.tools.win32_11.6.0.202112161359/tools/bin/../lib/gcc/arm-none-eabi/10.3.1/../../../../arm-none-eabi/lib/thumb/v6-m/nofp\libcr_c.a(alloc.o)
 .comment       0x00000049       0x4a s:/mcuxpressoide_11.6.0_8187/ide/plugins/com.nxp.mcuxpresso.tools.win32_11.6.0.202112161359/tools/bin/../lib/gcc/arm-none-eabi/10.3.1/../../../../arm-none-eabi/lib/thumb/v6-m/nofp\libcr_c.a(atan2.o)
 .comment       0x00000049       0x4a s:/mcuxpressoide_11.6.0_8187/ide/plugins/com.nxp.mcuxpresso.tools.win32_11.6.0.202112161359/tools/bin/../lib/gcc/arm-none-eabi/10.3.1/../../../../arm-none-eabi/lib/thumb/v6-m/nofp\libcr_c.a(errno.o)
 .comment       0x00000049       0x4a s:/mcuxpressoide_11.6.0_8187/ide/plugins/com.nxp.mcuxpresso.tools.win32_11.6.0.202112161359/tools/bin/../lib/gcc/arm-none-eabi/10.3.1/../../../../arm-none-eabi/lib/thumb/v6-m/nofp\libcr_c.a(fabs.o)
 .comment       0x00000049       0x4a s:/mcuxpressoide_11.6.0_8187/ide/plugins/com.nxp.mcuxpresso.tools.win32_11.6.0.202112161359/tools/bin/../lib/gcc/arm-none-eabi/10.3.1/../../../../arm-none-eabi/lib/thumb/v6-m/nofp\libcr_c.a(fputs.o)
 .comment       0x00000049       0x4a s:/mcuxpressoide_11.6.0_8187/ide/plugins/com.nxp.mcuxpresso.tools.win32_11.6.0.202112161359/tools/bin/../lib/gcc/arm-none-eabi/10.3.1/../../../../arm-none-eabi/lib/thumb/v6-m/nofp\libcr_c.a(fseek.o)
 .comment       0x00000049       0x4a s:/mcuxpressoide_11.6.0_8187/ide/plugins/com.nxp.mcuxpresso.tools.win32_11.6.0.202112161359/tools/bin/../lib/gcc/arm-none-eabi/10.3.1/../../../../arm-none-eabi/lib/thumb/v6-m/nofp\libcr_c.a(ftell.o)
 .comment       0x00000049       0x4a s:/mcuxpressoide_11.6.0_8187/ide/plugins/com.nxp.mcuxpresso.tools.win32_11.6.0.202112161359/tools/bin/../lib/gcc/arm-none-eabi/10.3.1/../../../../arm-none-eabi/lib/thumb/v6-m/nofp\libcr_c.a(initio.o)
 .comment       0x00000049       0x4a s:/mcuxpressoide_11.6.0_8187/ide/plugins/com.nxp.mcuxpresso.tools.win32_11.6.0.202112161359/tools/bin/../lib/gcc/arm-none-eabi/10.3.1/../../../../arm-none-eabi/lib/thumb/v6-m/nofp\libcr_c.a(setvbuf.o)
 .comment       0x00000049       0x4a s:/mcuxpressoide_11.6.0_8187/ide/plugins/com.nxp.mcuxpresso.tools.win32_11.6.0.202112161359/tools/bin/../lib/gcc/arm-none-eabi/10.3.1/../../../../arm-none-eabi/lib/thumb/v6-m/nofp\libcr_c.a(sqrt.o)
 .comment       0x00000049       0x4a s:/mcuxpressoide_11.6.0_8187/ide/plugins/com.nxp.mcuxpresso.tools.win32_11.6.0.202112161359/tools/bin/../lib/gcc/arm-none-eabi/10.3.1/../../../../arm-none-eabi/lib/thumb/v6-m/nofp\libcr_c.a(__init_alloc.o)
 .comment       0x00000049       0x4a s:/mcuxpressoide_11.6.0_8187/ide/plugins/com.nxp.mcuxpresso.tools.win32_11.6.0.202112161359/tools/bin/../lib/gcc/arm-none-eabi/10.3.1/../../../../arm-none-eabi/lib/thumb/v6-m/nofp\libcr_c.a(_cr_sbrk.o)
 .comment       0x00000049       0x4a s:/mcuxpressoide_11.6.0_8187/ide/plugins/com.nxp.mcuxpresso.tools.win32_11.6.0.202112161359/tools/bin/../lib/gcc/arm-none-eabi/10.3.1/../../../../arm-none-eabi/lib/thumb/v6-m/nofp\libcr_c.a(_fdopen.o)
 .comment       0x00000049       0x4a s:/mcuxpressoide_11.6.0_8187/ide/plugins/com.nxp.mcuxpresso.tools.win32_11.6.0.202112161359/tools/bin/../lib/gcc/arm-none-eabi/10.3.1/../../../../arm-none-eabi/lib/thumb/v6-m/nofp\libcr_c.a(atan.o)
 .comment       0x00000049       0x4a s:/mcuxpressoide_11.6.0_8187/ide/plugins/com.nxp.mcuxpresso.tools.win32_11.6.0.202112161359/tools/bin/../lib/gcc/arm-none-eabi/10.3.1/../../../../arm-none-eabi/lib/thumb/v6-m/nofp\libcr_c.a(fclose.o)
 .comment       0x00000049       0x4a s:/mcuxpressoide_11.6.0_8187/ide/plugins/com.nxp.mcuxpresso.tools.win32_11.6.0.202112161359/tools/bin/../lib/gcc/arm-none-eabi/10.3.1/../../../../arm-none-eabi/lib/thumb/v6-m/nofp\libcr_c.a(fflush.o)
 .comment       0x00000049       0x4a s:/mcuxpressoide_11.6.0_8187/ide/plugins/com.nxp.mcuxpresso.tools.win32_11.6.0.202112161359/tools/bin/../lib/gcc/arm-none-eabi/10.3.1/../../../../arm-none-eabi/lib/thumb/v6-m/nofp\libcr_c.a(remove.o)
 .comment       0x00000049       0x4a s:/mcuxpressoide_11.6.0_8187/ide/plugins/com.nxp.mcuxpresso.tools.win32_11.6.0.202112161359/tools/bin/../lib/gcc/arm-none-eabi/10.3.1/../../../../arm-none-eabi/lib/thumb/v6-m/nofp\libcr_c.a(strlen.o)
 .comment       0x00000049       0x4a s:/mcuxpressoide_11.6.0_8187/ide/plugins/com.nxp.mcuxpresso.tools.win32_11.6.0.202112161359/tools/bin/../lib/gcc/arm-none-eabi/10.3.1/../../../../arm-none-eabi/lib/thumb/v6-m/nofp\libcr_c.a(_cr_check_heap.o)
 .comment       0x00000049       0x4a s:/mcuxpressoide_11.6.0_8187/ide/plugins/com.nxp.mcuxpresso.tools.win32_11.6.0.202112161359/tools/bin/../lib/gcc/arm-none-eabi/10.3.1/../../../../arm-none-eabi/lib/thumb/v6-m/nofp\libcr_c.a(_do_fflush.o)
 .comment       0x00000049       0x4a s:/mcuxpressoide_11.6.0_8187/ide/plugins/com.nxp.mcuxpresso.tools.win32_11.6.0.202112161359/tools/bin/../lib/gcc/arm-none-eabi/10.3.1/thumb/v6-m/nofp\libcr_eabihelpers.a(double.o)
 .comment       0x00000049       0x4a s:/mcuxpressoide_11.6.0_8187/ide/plugins/com.nxp.mcuxpresso.tools.win32_11.6.0.202112161359/tools/bin/../lib/gcc/arm-none-eabi/10.3.1/thumb/v6-m/nofp\libcr_eabihelpers.a(float.o)

.ARM.attributes
                0x00000000       0x2a
 .ARM.attributes
                0x00000000       0x2c ./utilities/fsl_debug_console.o
 .ARM.attributes
                0x0000002c       0x2c ./startup/startup_mkl25z4.o
 .ARM.attributes
                0x00000058       0x2c ./source/DAC.o
 .ARM.attributes
                0x00000084       0x2c ./source/DMA.o
 .ARM.attributes
                0x000000b0       0x2c ./source/Final_Project.o
 .ARM.attributes
                0x000000dc       0x2c ./source/LEDs.o
 .ARM.attributes
                0x00000108       0x2c ./source/i2c.o
 .ARM.attributes
                0x00000134       0x2c ./source/mma8451.o
 .ARM.attributes
                0x00000160       0x2c ./source/mtb.o
 .ARM.attributes
                0x0000018c       0x2c ./source/semihost_hardfault.o
 .ARM.attributes
                0x000001b8       0x2c ./source/systick.o
 .ARM.attributes
                0x000001e4       0x2c ./source/timers.o
 .ARM.attributes
                0x00000210       0x2c ./drivers/fsl_clock.o
 .ARM.attributes
                0x0000023c       0x2c ./drivers/fsl_lpsci.o
 .ARM.attributes
                0x00000268       0x2c ./drivers/fsl_uart.o
 .ARM.attributes
                0x00000294       0x2c ./board/board.o
 .ARM.attributes
                0x000002c0       0x2c ./board/clock_config.o
 .ARM.attributes
                0x000002ec       0x2c ./board/peripherals.o
 .ARM.attributes
                0x00000318       0x2c ./board/pin_mux.o
 .ARM.attributes
                0x00000344       0x2c ./CMSIS/system_MKL25Z4.o
 .ARM.attributes
                0x00000370       0x2c S:/MCUXpressoIDE_11.6.0_8187/Final_Project/Debug/source/fp_trig.o
 .ARM.attributes
                0x0000039c       0x2c s:/mcuxpressoide_11.6.0_8187/ide/plugins/com.nxp.mcuxpresso.tools.win32_11.6.0.202112161359/tools/bin/../lib/gcc/arm-none-eabi/10.3.1/../../../../arm-none-eabi/lib/thumb/v6-m/nofp\libcr_semihost_nf.a(_cr__main.o)
 .ARM.attributes
                0x000003c8       0x2c s:/mcuxpressoide_11.6.0_8187/ide/plugins/com.nxp.mcuxpresso.tools.win32_11.6.0.202112161359/tools/bin/../lib/gcc/arm-none-eabi/10.3.1/../../../../arm-none-eabi/lib/thumb/v6-m/nofp\libcr_semihost_nf.a(_cr_assert.o)
 .ARM.attributes
                0x000003f4       0x2c s:/mcuxpressoide_11.6.0_8187/ide/plugins/com.nxp.mcuxpresso.tools.win32_11.6.0.202112161359/tools/bin/../lib/gcc/arm-none-eabi/10.3.1/../../../../arm-none-eabi/lib/thumb/v6-m/nofp\libcr_semihost_nf.a(__ciob.o)
 .ARM.attributes
                0x00000420       0x1c s:/mcuxpressoide_11.6.0_8187/ide/plugins/com.nxp.mcuxpresso.tools.win32_11.6.0.202112161359/tools/bin/../lib/gcc/arm-none-eabi/10.3.1/../../../../arm-none-eabi/lib/thumb/v6-m/nofp\libcr_semihost_nf.a(__sys_appexit.o)
 .ARM.attributes
                0x0000043c       0x2c s:/mcuxpressoide_11.6.0_8187/ide/plugins/com.nxp.mcuxpresso.tools.win32_11.6.0.202112161359/tools/bin/../lib/gcc/arm-none-eabi/10.3.1/../../../../arm-none-eabi/lib/thumb/v6-m/nofp\libcr_c.a(memset.o)
 .ARM.attributes
                0x00000468       0x2c s:/mcuxpressoide_11.6.0_8187/ide/plugins/com.nxp.mcuxpresso.tools.win32_11.6.0.202112161359/tools/bin/../lib/gcc/arm-none-eabi/10.3.1/../../../../arm-none-eabi/lib/thumb/v6-m/nofp\libcr_c.a(_deferredlazyseek.o)
 .ARM.attributes
                0x00000494       0x2c s:/mcuxpressoide_11.6.0_8187/ide/plugins/com.nxp.mcuxpresso.tools.win32_11.6.0.202112161359/tools/bin/../lib/gcc/arm-none-eabi/10.3.1/../../../../arm-none-eabi/lib/thumb/v6-m/nofp\libcr_c.a(_fflush.o)
 .ARM.attributes
                0x000004c0       0x2c s:/mcuxpressoide_11.6.0_8187/ide/plugins/com.nxp.mcuxpresso.tools.win32_11.6.0.202112161359/tools/bin/../lib/gcc/arm-none-eabi/10.3.1/../../../../arm-none-eabi/lib/thumb/v6-m/nofp\libcr_c.a(_writebuf.o)
 .ARM.attributes
                0x000004ec       0x2c s:/mcuxpressoide_11.6.0_8187/ide/plugins/com.nxp.mcuxpresso.tools.win32_11.6.0.202112161359/tools/bin/../lib/gcc/arm-none-eabi/10.3.1/../../../../arm-none-eabi/lib/thumb/v6-m/nofp\libcr_c.a(alloc.o)
 .ARM.attributes
                0x00000518       0x2c s:/mcuxpressoide_11.6.0_8187/ide/plugins/com.nxp.mcuxpresso.tools.win32_11.6.0.202112161359/tools/bin/../lib/gcc/arm-none-eabi/10.3.1/../../../../arm-none-eabi/lib/thumb/v6-m/nofp\libcr_c.a(atan2.o)
 .ARM.attributes
                0x00000544       0x2c s:/mcuxpressoide_11.6.0_8187/ide/plugins/com.nxp.mcuxpresso.tools.win32_11.6.0.202112161359/tools/bin/../lib/gcc/arm-none-eabi/10.3.1/../../../../arm-none-eabi/lib/thumb/v6-m/nofp\libcr_c.a(errno.o)
 .ARM.attributes
                0x00000570       0x2c s:/mcuxpressoide_11.6.0_8187/ide/plugins/com.nxp.mcuxpresso.tools.win32_11.6.0.202112161359/tools/bin/../lib/gcc/arm-none-eabi/10.3.1/../../../../arm-none-eabi/lib/thumb/v6-m/nofp\libcr_c.a(fabs.o)
 .ARM.attributes
                0x0000059c       0x2c s:/mcuxpressoide_11.6.0_8187/ide/plugins/com.nxp.mcuxpresso.tools.win32_11.6.0.202112161359/tools/bin/../lib/gcc/arm-none-eabi/10.3.1/../../../../arm-none-eabi/lib/thumb/v6-m/nofp\libcr_c.a(fputs.o)
 .ARM.attributes
                0x000005c8       0x2c s:/mcuxpressoide_11.6.0_8187/ide/plugins/com.nxp.mcuxpresso.tools.win32_11.6.0.202112161359/tools/bin/../lib/gcc/arm-none-eabi/10.3.1/../../../../arm-none-eabi/lib/thumb/v6-m/nofp\libcr_c.a(fseek.o)
 .ARM.attributes
                0x000005f4       0x2c s:/mcuxpressoide_11.6.0_8187/ide/plugins/com.nxp.mcuxpresso.tools.win32_11.6.0.202112161359/tools/bin/../lib/gcc/arm-none-eabi/10.3.1/../../../../arm-none-eabi/lib/thumb/v6-m/nofp\libcr_c.a(ftell.o)
 .ARM.attributes
                0x00000620       0x2c s:/mcuxpressoide_11.6.0_8187/ide/plugins/com.nxp.mcuxpresso.tools.win32_11.6.0.202112161359/tools/bin/../lib/gcc/arm-none-eabi/10.3.1/../../../../arm-none-eabi/lib/thumb/v6-m/nofp\libcr_c.a(initio.o)
 .ARM.attributes
                0x0000064c       0x2c s:/mcuxpressoide_11.6.0_8187/ide/plugins/com.nxp.mcuxpresso.tools.win32_11.6.0.202112161359/tools/bin/../lib/gcc/arm-none-eabi/10.3.1/../../../../arm-none-eabi/lib/thumb/v6-m/nofp\libcr_c.a(setvbuf.o)
 .ARM.attributes
                0x00000678       0x2c s:/mcuxpressoide_11.6.0_8187/ide/plugins/com.nxp.mcuxpresso.tools.win32_11.6.0.202112161359/tools/bin/../lib/gcc/arm-none-eabi/10.3.1/../../../../arm-none-eabi/lib/thumb/v6-m/nofp\libcr_c.a(sqrt.o)
 .ARM.attributes
                0x000006a4       0x2c s:/mcuxpressoide_11.6.0_8187/ide/plugins/com.nxp.mcuxpresso.tools.win32_11.6.0.202112161359/tools/bin/../lib/gcc/arm-none-eabi/10.3.1/../../../../arm-none-eabi/lib/thumb/v6-m/nofp\libcr_c.a(__init_alloc.o)
 .ARM.attributes
                0x000006d0       0x2c s:/mcuxpressoide_11.6.0_8187/ide/plugins/com.nxp.mcuxpresso.tools.win32_11.6.0.202112161359/tools/bin/../lib/gcc/arm-none-eabi/10.3.1/../../../../arm-none-eabi/lib/thumb/v6-m/nofp\libcr_c.a(_cr_sbrk.o)
 .ARM.attributes
                0x000006fc       0x2c s:/mcuxpressoide_11.6.0_8187/ide/plugins/com.nxp.mcuxpresso.tools.win32_11.6.0.202112161359/tools/bin/../lib/gcc/arm-none-eabi/10.3.1/../../../../arm-none-eabi/lib/thumb/v6-m/nofp\libcr_c.a(_fdopen.o)
 .ARM.attributes
                0x00000728       0x2c s:/mcuxpressoide_11.6.0_8187/ide/plugins/com.nxp.mcuxpresso.tools.win32_11.6.0.202112161359/tools/bin/../lib/gcc/arm-none-eabi/10.3.1/../../../../arm-none-eabi/lib/thumb/v6-m/nofp\libcr_c.a(atan.o)
 .ARM.attributes
                0x00000754       0x2c s:/mcuxpressoide_11.6.0_8187/ide/plugins/com.nxp.mcuxpresso.tools.win32_11.6.0.202112161359/tools/bin/../lib/gcc/arm-none-eabi/10.3.1/../../../../arm-none-eabi/lib/thumb/v6-m/nofp\libcr_c.a(fclose.o)
 .ARM.attributes
                0x00000780       0x2c s:/mcuxpressoide_11.6.0_8187/ide/plugins/com.nxp.mcuxpresso.tools.win32_11.6.0.202112161359/tools/bin/../lib/gcc/arm-none-eabi/10.3.1/../../../../arm-none-eabi/lib/thumb/v6-m/nofp\libcr_c.a(fflush.o)
 .ARM.attributes
                0x000007ac       0x2c s:/mcuxpressoide_11.6.0_8187/ide/plugins/com.nxp.mcuxpresso.tools.win32_11.6.0.202112161359/tools/bin/../lib/gcc/arm-none-eabi/10.3.1/../../../../arm-none-eabi/lib/thumb/v6-m/nofp\libcr_c.a(remove.o)
 .ARM.attributes
                0x000007d8       0x2c s:/mcuxpressoide_11.6.0_8187/ide/plugins/com.nxp.mcuxpresso.tools.win32_11.6.0.202112161359/tools/bin/../lib/gcc/arm-none-eabi/10.3.1/../../../../arm-none-eabi/lib/thumb/v6-m/nofp\libcr_c.a(strlen.o)
 .ARM.attributes
                0x00000804       0x2c s:/mcuxpressoide_11.6.0_8187/ide/plugins/com.nxp.mcuxpresso.tools.win32_11.6.0.202112161359/tools/bin/../lib/gcc/arm-none-eabi/10.3.1/../../../../arm-none-eabi/lib/thumb/v6-m/nofp\libcr_c.a(_cr_check_heap.o)
 .ARM.attributes
                0x00000830       0x2c s:/mcuxpressoide_11.6.0_8187/ide/plugins/com.nxp.mcuxpresso.tools.win32_11.6.0.202112161359/tools/bin/../lib/gcc/arm-none-eabi/10.3.1/../../../../arm-none-eabi/lib/thumb/v6-m/nofp\libcr_c.a(_do_fflush.o)
 .ARM.attributes
                0x0000085c       0x1c s:/mcuxpressoide_11.6.0_8187/ide/plugins/com.nxp.mcuxpresso.tools.win32_11.6.0.202112161359/tools/bin/../lib/gcc/arm-none-eabi/10.3.1/thumb/v6-m/nofp\libcr_eabihelpers.a(division_32.o)
 .ARM.attributes
                0x00000878       0x1c s:/mcuxpressoide_11.6.0_8187/ide/plugins/com.nxp.mcuxpresso.tools.win32_11.6.0.202112161359/tools/bin/../lib/gcc/arm-none-eabi/10.3.1/thumb/v6-m/nofp\libcr_eabihelpers.a(division_idiv0.o)
 .ARM.attributes
                0x00000894       0x2c s:/mcuxpressoide_11.6.0_8187/ide/plugins/com.nxp.mcuxpresso.tools.win32_11.6.0.202112161359/tools/bin/../lib/gcc/arm-none-eabi/10.3.1/thumb/v6-m/nofp\libcr_eabihelpers.a(double.o)
 .ARM.attributes
                0x000008c0       0x2c s:/mcuxpressoide_11.6.0_8187/ide/plugins/com.nxp.mcuxpresso.tools.win32_11.6.0.202112161359/tools/bin/../lib/gcc/arm-none-eabi/10.3.1/thumb/v6-m/nofp\libcr_eabihelpers.a(float.o)
 .ARM.attributes
                0x000008ec       0x1c s:/mcuxpressoide_11.6.0_8187/ide/plugins/com.nxp.mcuxpresso.tools.win32_11.6.0.202112161359/tools/bin/../lib/gcc/arm-none-eabi/10.3.1/thumb/v6-m/nofp\libcr_eabihelpers.a(llong.o)
 .ARM.attributes
                0x00000908       0x1c s:/mcuxpressoide_11.6.0_8187/ide/plugins/com.nxp.mcuxpresso.tools.win32_11.6.0.202112161359/tools/bin/../lib/gcc/arm-none-eabi/10.3.1/thumb/v6-m/nofp\libcr_eabihelpers.a(memcpy.o)
 .ARM.attributes
                0x00000924       0x1c s:/mcuxpressoide_11.6.0_8187/ide/plugins/com.nxp.mcuxpresso.tools.win32_11.6.0.202112161359/tools/bin/../lib/gcc/arm-none-eabi/10.3.1/../../../../arm-none-eabi/lib/thumb/v6-m/nofp\libcr_semihost_nf.a(__sys_close.o)
 .ARM.attributes
                0x00000940       0x1c s:/mcuxpressoide_11.6.0_8187/ide/plugins/com.nxp.mcuxpresso.tools.win32_11.6.0.202112161359/tools/bin/../lib/gcc/arm-none-eabi/10.3.1/../../../../arm-none-eabi/lib/thumb/v6-m/nofp\libcr_semihost_nf.a(__sys_flen.o)
 .ARM.attributes
                0x0000095c       0x1c s:/mcuxpressoide_11.6.0_8187/ide/plugins/com.nxp.mcuxpresso.tools.win32_11.6.0.202112161359/tools/bin/../lib/gcc/arm-none-eabi/10.3.1/../../../../arm-none-eabi/lib/thumb/v6-m/nofp\libcr_semihost_nf.a(__sys_istty.o)
 .ARM.attributes
                0x00000978       0x1c s:/mcuxpressoide_11.6.0_8187/ide/plugins/com.nxp.mcuxpresso.tools.win32_11.6.0.202112161359/tools/bin/../lib/gcc/arm-none-eabi/10.3.1/../../../../arm-none-eabi/lib/thumb/v6-m/nofp\libcr_semihost_nf.a(__sys_remove.o)
 .ARM.attributes
                0x00000994       0x1c s:/mcuxpressoide_11.6.0_8187/ide/plugins/com.nxp.mcuxpresso.tools.win32_11.6.0.202112161359/tools/bin/../lib/gcc/arm-none-eabi/10.3.1/../../../../arm-none-eabi/lib/thumb/v6-m/nofp\libcr_semihost_nf.a(__sys_seek.o)
 .ARM.attributes
                0x000009b0       0x1c s:/mcuxpressoide_11.6.0_8187/ide/plugins/com.nxp.mcuxpresso.tools.win32_11.6.0.202112161359/tools/bin/../lib/gcc/arm-none-eabi/10.3.1/../../../../arm-none-eabi/lib/thumb/v6-m/nofp\libcr_semihost_nf.a(__sys_tmpnam.o)
 .ARM.attributes
                0x000009cc       0x1c s:/mcuxpressoide_11.6.0_8187/ide/plugins/com.nxp.mcuxpresso.tools.win32_11.6.0.202112161359/tools/bin/../lib/gcc/arm-none-eabi/10.3.1/../../../../arm-none-eabi/lib/thumb/v6-m/nofp\libcr_semihost_nf.a(__sys_write.o)

.debug_frame    0x00000000     0x1b7c
 .debug_frame   0x00000000       0xcc ./utilities/fsl_debug_console.o
 .debug_frame   0x000000cc      0x3b0 ./startup/startup_mkl25z4.o
 .debug_frame   0x0000047c       0x2c ./source/DAC.o
 .debug_frame   0x000004a8      0x108 ./source/DMA.o
 .debug_frame   0x000005b0       0x50 ./source/Final_Project.o
 .debug_frame   0x00000600       0x2c ./source/LEDs.o
 .debug_frame   0x0000062c      0x104 ./source/i2c.o
 .debug_frame   0x00000730       0x8c ./source/mma8451.o
 .debug_frame   0x000007bc       0x20 ./source/semihost_hardfault.o
 .debug_frame   0x000007dc       0xc0 ./source/systick.o
 .debug_frame   0x0000089c       0x48 ./source/timers.o
 .debug_frame   0x000008e4      0x6e0 ./drivers/fsl_clock.o
 .debug_frame   0x00000fc4      0x414 ./drivers/fsl_lpsci.o
 .debug_frame   0x000013d8      0x464 ./drivers/fsl_uart.o
 .debug_frame   0x0000183c       0x50 ./board/board.o
 .debug_frame   0x0000188c      0x100 ./board/clock_config.o
 .debug_frame   0x0000198c       0x2c ./board/peripherals.o
 .debug_frame   0x000019b8       0x88 ./board/pin_mux.o
 .debug_frame   0x00001a40       0x4c ./CMSIS/system_MKL25Z4.o
 .debug_frame   0x00001a8c       0xf0 S:/MCUXpressoIDE_11.6.0_8187/Final_Project/Debug/source/fp_trig.o

Cross Reference Table

Symbol                                            File
ADC0_DriverIRQHandler                             ./startup/startup_mkl25z4.o
ADC0_IRQHandler                                   ./startup/startup_mkl25z4.o
BOARD_BootClockRUN                                ./board/clock_config.o
BOARD_BootClockVLPR                               ./board/clock_config.o
BOARD_InitBootClocks                              ./board/clock_config.o
                                                  ./source/Final_Project.o
BOARD_InitBootPeripherals                         ./board/peripherals.o
                                                  ./source/Final_Project.o
BOARD_InitBootPins                                ./board/pin_mux.o
                                                  ./source/Final_Project.o
BOARD_InitDebugConsole                            ./board/board.o
                                                  ./source/Final_Project.o
BOARD_InitPins                                    ./board/pin_mux.o
CLOCK_BootToBlpeMode                              ./drivers/fsl_clock.o
CLOCK_BootToBlpiMode                              ./drivers/fsl_clock.o
                                                  ./board/clock_config.o
CLOCK_BootToFeeMode                               ./drivers/fsl_clock.o
CLOCK_BootToFeiMode                               ./drivers/fsl_clock.o
CLOCK_BootToPeeMode                               ./drivers/fsl_clock.o
                                                  ./board/clock_config.o
CLOCK_CalcPllDiv                                  ./drivers/fsl_clock.o
CLOCK_ClearStatusFlags                            ./drivers/fsl_clock.o
CLOCK_DeinitOsc0                                  ./drivers/fsl_clock.o
CLOCK_EnablePll0                                  ./drivers/fsl_clock.o
CLOCK_EnableUsbfs0Clock                           ./drivers/fsl_clock.o
CLOCK_ExternalModeToFbeModeQuick                  ./drivers/fsl_clock.o
CLOCK_FllStableDelay                              ./drivers/fsl_clock.o
CLOCK_GetBusClkFreq                               ./drivers/fsl_clock.o
CLOCK_GetCoreSysClkFreq                           ./drivers/fsl_clock.o
CLOCK_GetEr32kClkFreq                             ./drivers/fsl_clock.o
CLOCK_GetFixedFreqClkFreq                         ./drivers/fsl_clock.o
CLOCK_GetFlashClkFreq                             ./drivers/fsl_clock.o
CLOCK_GetFllFreq                                  ./drivers/fsl_clock.o
CLOCK_GetFreq                                     ./drivers/fsl_clock.o
CLOCK_GetInternalRefClkFreq                       ./drivers/fsl_clock.o
CLOCK_GetMode                                     ./drivers/fsl_clock.o
CLOCK_GetOsc0ErClkFreq                            ./drivers/fsl_clock.o
CLOCK_GetOutClkFreq                               ./drivers/fsl_clock.o
CLOCK_GetPlatClkFreq                              ./drivers/fsl_clock.o
CLOCK_GetPll0Freq                                 ./drivers/fsl_clock.o
CLOCK_GetPllFllSelClkFreq                         ./drivers/fsl_clock.o
                                                  ./board/board.o
CLOCK_GetStatusFlags                              ./drivers/fsl_clock.o
CLOCK_InitOsc0                                    ./drivers/fsl_clock.o
                                                  ./board/clock_config.o
CLOCK_InternalModeToFbiModeQuick                  ./drivers/fsl_clock.o
CLOCK_SetBlpeMode                                 ./drivers/fsl_clock.o
CLOCK_SetBlpiMode                                 ./drivers/fsl_clock.o
CLOCK_SetExternalRefClkConfig                     ./drivers/fsl_clock.o
CLOCK_SetFbeMode                                  ./drivers/fsl_clock.o
CLOCK_SetFbiMode                                  ./drivers/fsl_clock.o
CLOCK_SetFeeMode                                  ./drivers/fsl_clock.o
CLOCK_SetFeiMode                                  ./drivers/fsl_clock.o
CLOCK_SetInternalRefClkConfig                     ./drivers/fsl_clock.o
                                                  ./board/clock_config.o
CLOCK_SetMcgConfig                                ./drivers/fsl_clock.o
CLOCK_SetOsc0MonitorMode                          ./drivers/fsl_clock.o
CLOCK_SetPbeMode                                  ./drivers/fsl_clock.o
CLOCK_SetPeeMode                                  ./drivers/fsl_clock.o
CLOCK_SetPll0MonitorMode                          ./drivers/fsl_clock.o
CLOCK_SetSimConfig                                ./drivers/fsl_clock.o
                                                  ./board/clock_config.o
CLOCK_TrimInternalRefClk                          ./drivers/fsl_clock.o
CMP0_DriverIRQHandler                             ./startup/startup_mkl25z4.o
CMP0_IRQHandler                                   ./startup/startup_mkl25z4.o
DAC0_DriverIRQHandler                             ./startup/startup_mkl25z4.o
DAC0_IRQHandler                                   ./startup/startup_mkl25z4.o
DMA0_DriverIRQHandler                             ./startup/startup_mkl25z4.o
DMA0_IRQHandler                                   ./source/DMA.o
                                                  ./startup/startup_mkl25z4.o
DMA1_DriverIRQHandler                             ./startup/startup_mkl25z4.o