S:\MCUXpressoIDE_11.6.0_8187\Final_Project\CMSIS/core_cm0plus.h:745:22:NVIC_EnableIRQ	16	static
S:\MCUXpressoIDE_11.6.0_8187\Final_Project\CMSIS/core_cm0plus.h:791:22:NVIC_ClearPendingIRQ	16	static
S:\MCUXpressoIDE_11.6.0_8187\Final_Project\CMSIS/core_cm0plus.h:804:22:NVIC_SetPriority	24	static
../source/DMA.c:77:6:Init_DMA_For_Playback	16	static
../source/DMA.c:105:6:Start_DMA_Playback	8	static
../source/DMA.c:114:6:DMA0_IRQHandler	8	static
../source/DMA.c:119:6:Init_Tones	32	static
../source/DMA.c:125:6:Init_Tones_Less_Sound	32	static
